
 Start         Length     Name                   Class
 0001:00000000 000CD0FCH .text                   CODE
 0002:00000000 00002634H .data                   DATA
 0002:00002634 00000FE5H .bss                    BSS


Detailed map of segments

 0001:00000000 00005977 C=CODE     S=.text    G=(none)   M=System   ACBP=A9
 0001:00005978 00000140 C=CODE     S=.text    G=(none)   M=SysInit  ACBP=A9
 0001:00005AB8 000000BC C=CODE     S=.text    G=(none)   M=Types    ACBP=A9
 0001:00005B74 00000E0C C=CODE     S=.text    G=(none)   M=Windows  ACBP=A9
 0001:00006980 00000388 C=CODE     S=.text    G=(none)   M=SysConst ACBP=A9
 0001:00006D08 000072E4 C=CODE     S=.text    G=(none)   M=SysUtils ACBP=A9
 0001:0000DFEC 00000038 C=CODE     S=.text    G=(none)   M=Messages ACBP=A9
 0001:0000E024 00000823 C=CODE     S=.text    G=(none)   M=VarUtils ACBP=A9
 0001:0000E848 000084B6 C=CODE     S=.text    G=(none)   M=Variants ACBP=A9
 0001:00016D00 00000170 C=CODE     S=.text    G=(none)   M=RTLConsts ACBP=A9
 0001:00016E70 0000192C C=CODE     S=.text    G=(none)   M=TypInfo  ACBP=A9
 0001:0001879C 000000A8 C=CODE     S=.text    G=(none)   M=ActiveX  ACBP=A9
 0001:00018844 0000CA8A C=CODE     S=.text    G=(none)   M=Classes  ACBP=A9
 0001:000252D0 00000038 C=CODE     S=.text    G=(none)   M=ETypes   ACBP=A9
 0001:00025308 00000AC4 C=CODE     S=.text    G=(none)   M=EConsts  ACBP=A9
 0001:00025DCC 0000156B C=CODE     S=.text    G=(none)   M=ECore    ACBP=A9
 0001:00027338 00000AB7 C=CODE     S=.text    G=(none)   M=EHook    ACBP=A9
 0001:00027DF0 000000C4 C=CODE     S=.text    G=(none)   M=ELang    ACBP=A9
 0001:00027EB4 0000A3F6 C=CODE     S=.text    G=(none)   M=ExceptionLog ACBP=A9
 0001:000322AC 000002F0 C=CODE     S=.text    G=(none)   M=Consts   ACBP=A9
 0001:0003259C 000091FB C=CODE     S=.text    G=(none)   M=Graphics ACBP=A9
 0001:0003B798 00000088 C=CODE     S=.text    G=(none)   M=Math     ACBP=A9
 0001:0003B820 000002B8 C=CODE     S=.text    G=(none)   M=Contnrs  ACBP=A9
 0001:0003BAD8 000005C8 C=CODE     S=.text    G=(none)   M=CommCtrl ACBP=A9
 0001:0003C0A0 00000787 C=CODE     S=.text    G=(none)   M=MultiMon ACBP=A9
 0001:0003C828 00000038 C=CODE     S=.text    G=(none)   M=Imm      ACBP=A9
 0001:0003C860 00000FF8 C=CODE     S=.text    G=(none)   M=HelpIntfs ACBP=A9
 0001:0003D858 00000038 C=CODE     S=.text    G=(none)   M=WinSpool ACBP=A9
 0001:0003D890 00000044 C=CODE     S=.text    G=(none)   M=Printers ACBP=A9
 0001:0003D8D4 0000031F C=CODE     S=.text    G=(none)   M=FlatSB   ACBP=A9
 0001:0003DBF4 000001A4 C=CODE     S=.text    G=(none)   M=SyncObjs ACBP=A9
 0001:0003DD98 000009BB C=CODE     S=.text    G=(none)   M=UxTheme  ACBP=A9
 0001:0003E754 00000038 C=CODE     S=.text    G=(none)   M=RichEdit ACBP=A9
 0001:0003E78C 00000038 C=CODE     S=.text    G=(none)   M=ToolWin  ACBP=A9
 0001:0003E7C4 00000040 C=CODE     S=.text    G=(none)   M=ShellAPI ACBP=A9
 0001:0003E804 00000038 C=CODE     S=.text    G=(none)   M=RegStr   ACBP=A9
 0001:0003E83C 00000038 C=CODE     S=.text    G=(none)   M=WinInet  ACBP=A9
 0001:0003E874 00000038 C=CODE     S=.text    G=(none)   M=UrlMon   ACBP=A9
 0001:0003E8AC 0000006C C=CODE     S=.text    G=(none)   M=ShlObj   ACBP=A9
 0001:0003E918 00000038 C=CODE     S=.text    G=(none)   M=CommDlg  ACBP=A9
 0001:0003E950 00000038 C=CODE     S=.text    G=(none)   M=Dlgs     ACBP=A9
 0001:0003E988 000012E5 C=CODE     S=.text    G=(none)   M=Dialogs  ACBP=A9
 0001:0003FC70 0000396E C=CODE     S=.text    G=(none)   M=ExtCtrls ACBP=A9
 0001:000435E0 00000048 C=CODE     S=.text    G=(none)   M=ComStrs  ACBP=A9
 0001:00043628 00000094 C=CODE     S=.text    G=(none)   M=Clipbrd  ACBP=A9
 0001:000436BC 0000012C C=CODE     S=.text    G=(none)   M=StrUtils ACBP=A9
 0001:000437E8 00003821 C=CODE     S=.text    G=(none)   M=Buttons  ACBP=A9
 0001:0004700C 00000038 C=CODE     S=.text    G=(none)   M=ExtDlgs  ACBP=A9
 0001:00047044 00001014 C=CODE     S=.text    G=(none)   M=IniFiles ACBP=A9
 0001:00048058 00000068 C=CODE     S=.text    G=(none)   M=Registry ACBP=A9
 0001:000480C0 0000006C C=CODE     S=.text    G=(none)   M=Mapi     ACBP=A9
 0001:0004812C 00000058 C=CODE     S=.text    G=(none)   M=ExtActns ACBP=A9
 0001:00048184 00001C44 C=CODE     S=.text    G=(none)   M=ListActns ACBP=A9
 0001:00049DC8 0000BD80 C=CODE     S=.text    G=(none)   M=ComCtrls ACBP=A9
 0001:00055B48 00000C14 C=CODE     S=.text    G=(none)   M=Themes   ACBP=A9
 0001:0005675C 00005944 C=CODE     S=.text    G=(none)   M=StdCtrls ACBP=A9
 0001:0005C0A0 00000168 C=CODE     S=.text    G=(none)   M=StdActns ACBP=A9
 0001:0005C208 00000D1F C=CODE     S=.text    G=(none)   M=WinHelpViewer ACBP=A9
 0001:0005CF28 0001134F C=CODE     S=.text    G=(none)   M=Controls ACBP=A9
 0001:0006E278 00001326 C=CODE     S=.text    G=(none)   M=ActnList ACBP=A9
 0001:0006F5A0 00001B9C C=CODE     S=.text    G=(none)   M=ImgList  ACBP=A9
 0001:0007113C 00006639 C=CODE     S=.text    G=(none)   M=Menus    ACBP=A9
 0001:00077778 0000C43C C=CODE     S=.text    G=(none)   M=Forms    ACBP=A9
 0001:00083BB4 000000D8 C=CODE     S=.text    G=(none)   M=WinSock  ACBP=A9
 0001:00083C8C 00001F30 C=CODE     S=.text    G=(none)   M=ScktComp ACBP=A9
 0001:00085BBC 000009E0 C=CODE     S=.text    G=(none)   M=MaskUtils ACBP=A9
 0001:0008659C 00000070 C=CODE     S=.text    G=(none)   M=DateUtils ACBP=A9
 0001:0008660C 000001A8 C=CODE     S=.text    G=(none)   M=DBConsts ACBP=A9
 0001:000867B4 00000F73 C=CODE     S=.text    G=(none)   M=SqlTimSt ACBP=A9
 0001:00087728 00004AFB C=CODE     S=.text    G=(none)   M=FMTBcd   ACBP=A9
 0001:0008C224 00000058 C=CODE     S=.text    G=(none)   M=ComConst ACBP=A9
 0001:0008C27C 00000E65 C=CODE     S=.text    G=(none)   M=ComObj   ACBP=A9
 0001:0008D0E4 00014F28 C=CODE     S=.text    G=(none)   M=DB       ACBP=A9
 0001:000A200C 00000458 C=CODE     S=.text    G=(none)   M=ace      ACBP=A9
 0001:000A2464 000000CD C=CODE     S=.text    G=(none)   M=adsset   ACBP=A9
 0001:000A2534 00000C3C C=CODE     S=.text    G=(none)   M=DBCommon ACBP=A9
 0001:000A3170 000000D0 C=CODE     S=.text    G=(none)   M=aceunpub ACBP=A9
 0001:000A3240 00000038 C=CODE     S=.text    G=(none)   M=adsver   ACBP=A9
 0001:000A3278 000000EC C=CODE     S=.text    G=(none)   M=adsstrng ACBP=A9
 0001:000A3364 00000674 C=CODE     S=.text    G=(none)   M=adsfunc  ACBP=A9
 0001:000A39D8 0000387B C=CODE     S=.text    G=(none)   M=adstable ACBP=A9
 0001:000A7254 00000038 C=CODE     S=.text    G=(none)   M=adsdictionary ACBP=A9
 0001:000A728C 0000B892 C=CODE     S=.text    G=(none)   M=adsdata  ACBP=A9
 0001:000B2B20 00003940 C=CODE     S=.text    G=(none)   M=adscnnct ACBP=A9
 0001:000B6460 00000050 C=CODE     S=.text    G=(none)   M=JConsts  ACBP=A9
 0001:000B64B0 000133EC C=CODE     S=.text    G=(none)   M=jpeg     ACBP=A9
 0001:000C989C 00000B2C C=CODE     S=.text    G=(none)   M=md5      ACBP=A9
 0001:000CA3C8 00000718 C=CODE     S=.text    G=(none)   M=untChangePass ACBP=A9
 0001:000CAAE0 0000148C C=CODE     S=.text    G=(none)   M=untMain  ACBP=A9
 0001:000CBF6C 00000E10 C=CODE     S=.text    G=(none)   M=untLogin ACBP=A9
 0001:000CCD7C 0000037D C=CODE     S=.text    G=(none)   M=PANEL    ACBP=A9
 0002:00000000 000000A0 C=DATA     S=.data    G=DGROUP   M=System   ACBP=A9
 0002:000000A0 00000020 C=DATA     S=.data    G=DGROUP   M=SysInit  ACBP=A9
 0002:000000C0 00000274 C=DATA     S=.data    G=DGROUP   M=SysUtils ACBP=A9
 0002:00000334 00000110 C=DATA     S=.data    G=DGROUP   M=VarUtils ACBP=A9
 0002:00000444 0000013A C=DATA     S=.data    G=DGROUP   M=Variants ACBP=A9
 0002:00000580 0000000C C=DATA     S=.data    G=DGROUP   M=TypInfo  ACBP=A9
 0002:0000058C 00000010 C=DATA     S=.data    G=DGROUP   M=ActiveX  ACBP=A9
 0002:0000059C 000000E4 C=DATA     S=.data    G=DGROUP   M=Classes  ACBP=A9
 0002:00000680 000001C4 C=DATA     S=.data    G=DGROUP   M=EConsts  ACBP=A9
 0002:00000844 00000010 C=DATA     S=.data    G=DGROUP   M=ExceptionLog ACBP=A9
 0002:00000854 0000030C C=DATA     S=.data    G=DGROUP   M=Graphics ACBP=A9
 0002:00000B60 00000004 C=DATA     S=.data    G=DGROUP   M=Printers ACBP=A9
 0002:00000B64 00000010 C=DATA     S=.data    G=DGROUP   M=ShlObj   ACBP=A9
 0002:00000B74 000000B4 C=DATA     S=.data    G=DGROUP   M=Dialogs  ACBP=A9
 0002:00000C28 0000018C C=DATA     S=.data    G=DGROUP   M=ExtCtrls ACBP=A9
 0002:00000DB4 0000009E C=DATA     S=.data    G=DGROUP   M=Buttons  ACBP=A9
 0002:00000E54 00000008 C=DATA     S=.data    G=DGROUP   M=IniFiles ACBP=A9
 0002:00000E5C 00000008 C=DATA     S=.data    G=DGROUP   M=Registry ACBP=A9
 0002:00000E64 00000008 C=DATA     S=.data    G=DGROUP   M=Mapi     ACBP=A9
 0002:00000E6C 00000104 C=DATA     S=.data    G=DGROUP   M=ComCtrls ACBP=A9
 0002:00000F70 00000068 C=DATA     S=.data    G=DGROUP   M=Themes   ACBP=A9
 0002:00000FD8 000000AC C=DATA     S=.data    G=DGROUP   M=StdCtrls ACBP=A9
 0002:00001084 0000013C C=DATA     S=.data    G=DGROUP   M=Controls ACBP=A9
 0002:000011C0 00000020 C=DATA     S=.data    G=DGROUP   M=ImgList  ACBP=A9
 0002:000011E0 000000EC C=DATA     S=.data    G=DGROUP   M=Menus    ACBP=A9
 0002:000012CC 0000011C C=DATA     S=.data    G=DGROUP   M=Forms    ACBP=A9
 0002:000013E8 00000005 C=DATA     S=.data    G=DGROUP   M=MaskUtils ACBP=A9
 0002:000013F0 0000003C C=DATA     S=.data    G=DGROUP   M=SqlTimSt ACBP=A9
 0002:0000142C 00000065 C=DATA     S=.data    G=DGROUP   M=FMTBcd   ACBP=A9
 0002:00001494 00000030 C=DATA     S=.data    G=DGROUP   M=ComObj   ACBP=A9
 0002:000014C4 0000021E C=DATA     S=.data    G=DGROUP   M=DB       ACBP=A9
 0002:000016E4 00000004 C=DATA     S=.data    G=DGROUP   M=adsdata  ACBP=A9
 0002:000016E8 00000908 C=DATA     S=.data    G=DGROUP   M=jpeg     ACBP=A9
 0002:00001FF0 00000040 C=DATA     S=.data    G=DGROUP   M=md5      ACBP=A9
 0002:00003000 00000664 C=BSS      S=.bss     G=DGROUP   M=System   ACBP=A9
 0002:00003664 00000010 C=BSS      S=.bss     G=DGROUP   M=SysInit  ACBP=A9
 0002:00003674 00000004 C=BSS      S=.bss     G=DGROUP   M=Types    ACBP=A9
 0002:00003678 00000004 C=BSS      S=.bss     G=DGROUP   M=Windows  ACBP=A9
 0002:0000367C 00000004 C=BSS      S=.bss     G=DGROUP   M=SysConst ACBP=A9
 0002:00003680 00000120 C=BSS      S=.bss     G=DGROUP   M=SysUtils ACBP=A9
 0002:000037A0 00000004 C=BSS      S=.bss     G=DGROUP   M=Messages ACBP=A9
 0002:000037A4 0000005C C=BSS      S=.bss     G=DGROUP   M=VarUtils ACBP=A9
 0002:00003800 00000040 C=BSS      S=.bss     G=DGROUP   M=Variants ACBP=A9
 0002:00003840 00000004 C=BSS      S=.bss     G=DGROUP   M=RTLConsts ACBP=A9
 0002:00003844 00000004 C=BSS      S=.bss     G=DGROUP   M=TypInfo  ACBP=A9
 0002:00003848 00000004 C=BSS      S=.bss     G=DGROUP   M=ActiveX  ACBP=A9
 0002:0000384C 00000040 C=BSS      S=.bss     G=DGROUP   M=Classes  ACBP=A9
 0002:0000388C 00000004 C=BSS      S=.bss     G=DGROUP   M=ETypes   ACBP=A9
 0002:00003890 00000004 C=BSS      S=.bss     G=DGROUP   M=EConsts  ACBP=A9
 0002:00003894 00000010 C=BSS      S=.bss     G=DGROUP   M=ECore    ACBP=A9
 0002:000038A4 0000000C C=BSS      S=.bss     G=DGROUP   M=EHook    ACBP=A9
 0002:000038B0 00000004 C=BSS      S=.bss     G=DGROUP   M=ELang    ACBP=A9
 0002:000038B4 0000016C C=BSS      S=.bss     G=DGROUP   M=ExceptionLog ACBP=A9
 0002:00003A20 00000004 C=BSS      S=.bss     G=DGROUP   M=Consts   ACBP=A9
 0002:00003A24 00000060 C=BSS      S=.bss     G=DGROUP   M=Graphics ACBP=A9
 0002:00003A84 00000004 C=BSS      S=.bss     G=DGROUP   M=Math     ACBP=A9
 0002:00003A88 00000004 C=BSS      S=.bss     G=DGROUP   M=Contnrs  ACBP=A9
 0002:00003A8C 0000000C C=BSS      S=.bss     G=DGROUP   M=CommCtrl ACBP=A9
 0002:00003A98 00000031 C=BSS      S=.bss     G=DGROUP   M=MultiMon ACBP=A9
 0002:00003ACC 00000004 C=BSS      S=.bss     G=DGROUP   M=Imm      ACBP=A9
 0002:00003AD0 00000008 C=BSS      S=.bss     G=DGROUP   M=HelpIntfs ACBP=A9
 0002:00003AD8 00000004 C=BSS      S=.bss     G=DGROUP   M=WinSpool ACBP=A9
 0002:00003ADC 00000004 C=BSS      S=.bss     G=DGROUP   M=Printers ACBP=A9
 0002:00003AE0 00000034 C=BSS      S=.bss     G=DGROUP   M=FlatSB   ACBP=A9
 0002:00003B14 00000004 C=BSS      S=.bss     G=DGROUP   M=SyncObjs ACBP=A9
 0002:00003B18 000000CC C=BSS      S=.bss     G=DGROUP   M=UxTheme  ACBP=A9
 0002:00003BE4 00000004 C=BSS      S=.bss     G=DGROUP   M=RichEdit ACBP=A9
 0002:00003BE8 00000004 C=BSS      S=.bss     G=DGROUP   M=ToolWin  ACBP=A9
 0002:00003BEC 00000004 C=BSS      S=.bss     G=DGROUP   M=ShellAPI ACBP=A9
 0002:00003BF0 00000004 C=BSS      S=.bss     G=DGROUP   M=RegStr   ACBP=A9
 0002:00003BF4 00000004 C=BSS      S=.bss     G=DGROUP   M=WinInet  ACBP=A9
 0002:00003BF8 00000004 C=BSS      S=.bss     G=DGROUP   M=UrlMon   ACBP=A9
 0002:00003BFC 00000004 C=BSS      S=.bss     G=DGROUP   M=ShlObj   ACBP=A9
 0002:00003C00 00000004 C=BSS      S=.bss     G=DGROUP   M=CommDlg  ACBP=A9
 0002:00003C04 00000004 C=BSS      S=.bss     G=DGROUP   M=Dlgs     ACBP=A9
 0002:00003C08 00000038 C=BSS      S=.bss     G=DGROUP   M=Dialogs  ACBP=A9
 0002:00003C40 00000004 C=BSS      S=.bss     G=DGROUP   M=ExtCtrls ACBP=A9
 0002:00003C44 00000004 C=BSS      S=.bss     G=DGROUP   M=ComStrs  ACBP=A9
 0002:00003C48 0000000C C=BSS      S=.bss     G=DGROUP   M=Clipbrd  ACBP=A9
 0002:00003C54 00000004 C=BSS      S=.bss     G=DGROUP   M=StrUtils ACBP=A9
 0002:00003C58 00000030 C=BSS      S=.bss     G=DGROUP   M=Buttons  ACBP=A9
 0002:00003C88 00000004 C=BSS      S=.bss     G=DGROUP   M=ExtDlgs  ACBP=A9
 0002:00003C8C 00000004 C=BSS      S=.bss     G=DGROUP   M=IniFiles ACBP=A9
 0002:00003C90 00000004 C=BSS      S=.bss     G=DGROUP   M=Registry ACBP=A9
 0002:00003C94 00000004 C=BSS      S=.bss     G=DGROUP   M=Mapi     ACBP=A9
 0002:00003C98 00000009 C=BSS      S=.bss     G=DGROUP   M=ExtActns ACBP=A9
 0002:00003CA4 00000004 C=BSS      S=.bss     G=DGROUP   M=ListActns ACBP=A9
 0002:00003CA8 00000015 C=BSS      S=.bss     G=DGROUP   M=ComCtrls ACBP=A9
 0002:00003CC0 00000008 C=BSS      S=.bss     G=DGROUP   M=Themes   ACBP=A9
 0002:00003CC8 00000004 C=BSS      S=.bss     G=DGROUP   M=StdCtrls ACBP=A9
 0002:00003CCC 00000004 C=BSS      S=.bss     G=DGROUP   M=StdActns ACBP=A9
 0002:00003CD0 00000014 C=BSS      S=.bss     G=DGROUP   M=WinHelpViewer ACBP=A9
 0002:00003CE4 00000080 C=BSS      S=.bss     G=DGROUP   M=Controls ACBP=A9
 0002:00003D64 00000004 C=BSS      S=.bss     G=DGROUP   M=ActnList ACBP=A9
 0002:00003D68 0000000C C=BSS      S=.bss     G=DGROUP   M=ImgList  ACBP=A9
 0002:00003D74 00000010 C=BSS      S=.bss     G=DGROUP   M=Menus    ACBP=A9
 0002:00003D84 00000020 C=BSS      S=.bss     G=DGROUP   M=Forms    ACBP=A9
 0002:00003DA4 00000004 C=BSS      S=.bss     G=DGROUP   M=WinSock  ACBP=A9
 0002:00003DA8 00000194 C=BSS      S=.bss     G=DGROUP   M=ScktComp ACBP=A9
 0002:00003F3C 00000004 C=BSS      S=.bss     G=DGROUP   M=MaskUtils ACBP=A9
 0002:00003F40 00000004 C=BSS      S=.bss     G=DGROUP   M=DateUtils ACBP=A9
 0002:00003F44 00000004 C=BSS      S=.bss     G=DGROUP   M=DBConsts ACBP=A9
 0002:00003F48 00000004 C=BSS      S=.bss     G=DGROUP   M=SqlTimSt ACBP=A9
 0002:00003F4C 00000004 C=BSS      S=.bss     G=DGROUP   M=FMTBcd   ACBP=A9
 0002:00003F50 00000004 C=BSS      S=.bss     G=DGROUP   M=ComConst ACBP=A9
 0002:00003F54 00000011 C=BSS      S=.bss     G=DGROUP   M=ComObj   ACBP=A9
 0002:00003F68 00000010 C=BSS      S=.bss     G=DGROUP   M=DB       ACBP=A9
 0002:00003F78 00000004 C=BSS      S=.bss     G=DGROUP   M=ace      ACBP=A9
 0002:00003F7C 00000010 C=BSS      S=.bss     G=DGROUP   M=adsset   ACBP=A9
 0002:00003F8C 00000004 C=BSS      S=.bss     G=DGROUP   M=DBCommon ACBP=A9
 0002:00003F90 00000004 C=BSS      S=.bss     G=DGROUP   M=aceunpub ACBP=A9
 0002:00003F94 00000004 C=BSS      S=.bss     G=DGROUP   M=adsver   ACBP=A9
 0002:00003F98 00000004 C=BSS      S=.bss     G=DGROUP   M=adsstrng ACBP=A9
 0002:00003F9C 00000004 C=BSS      S=.bss     G=DGROUP   M=adsfunc  ACBP=A9
 0002:00003FA0 00000008 C=BSS      S=.bss     G=DGROUP   M=adstable ACBP=A9
 0002:00003FA8 00000004 C=BSS      S=.bss     G=DGROUP   M=adsdictionary ACBP=A9
 0002:00003FAC 0000000C C=BSS      S=.bss     G=DGROUP   M=adsdata  ACBP=A9
 0002:00003FB8 00000008 C=BSS      S=.bss     G=DGROUP   M=adscnnct ACBP=A9
 0002:00003FC0 00000004 C=BSS      S=.bss     G=DGROUP   M=JConsts  ACBP=A9
 0002:00003FC4 00000004 C=BSS      S=.bss     G=DGROUP   M=jpeg     ACBP=A9
 0002:00003FC8 00000004 C=BSS      S=.bss     G=DGROUP   M=md5      ACBP=A9
 0002:00003FCC 00000008 C=BSS      S=.bss     G=DGROUP   M=untChangePass ACBP=A9
 0002:00003FD4 00000008 C=BSS      S=.bss     G=DGROUP   M=untMain  ACBP=A9
 0002:00003FDC 00000008 C=BSS      S=.bss     G=DGROUP   M=untLogin ACBP=A9


  Address         Publics by Name

 0001:000C13AC       ..
 0001:000BF894       ..
 0001:000BE804       ..
 0001:000BB650       ..
 0001:000B965C       ..
 0001:000B9D9C       ..
 0001:000B8C34       ..
 0001:000C8B0C       ..
 0001:000C7AA0       ..
 0001:000BE12C       ..
 0002:00001F30       ..
 0001:000C7588       ..
 0001:000C6C60       ..
 0001:000C65D8       ..
 0001:000C5DD4       ..
 0001:000BBC3C       ..
 0001:000C5898       ..
 0002:00001784       ..
 0001:000C573C       ..
 0001:000C4C0C       ..
 0001:000C43E4       ..
 0002:00001B90       ..
 0001:000B9198       ..
 0001:000C3438       ..
 0001:000C3328       ..
 0001:000BAAC4       ..
 0001:000BCE2C       ..
 0002:00001884       ..
 0001:000BFE58       ..
 0002:00001990       ..
 0001:000BFB88       ..
 0002:00001804       ..
 0001:000B7FD0       ..
 0001:000BC1E4       ..
 0002:00001774       ..
 0002:00003F44       .1
 0002:00003F40       .1
 0002:00003F48       .1
 0002:00003840       .1
 0002:00003DA4       .1
 0002:00003F50       .1
 0002:00003FC8       .1
 0002:00003F78       .1
 0002:00003CD8       .1
 0002:000037A0       .1
 0002:00003C94       .1
 0002:00003F90       .1
 0002:00003F94       .1
 0002:00003F98       .1
 0002:0000367C       .1
 0002:00003FC0       .1
 0002:00003C54       .1
 0002:00003C44       .1
 0002:00003C04       .1
 0002:00003C00       .1
 0002:00003BFC       .1
 0002:00003BF8       .1
 0002:00003BF4       .1
 0002:00003BF0       .1
 0002:00003BEC       .1
 0002:00003BE4       .1
 0002:00003BD4       .1
 0002:0000388C       .1
 0002:000038A4       .1
 0002:000038B0       .1
 0002:00003B00       .1
 0002:0000366C       .1
 0002:00003ACC       .1
 0002:00003AB8       .1
 0002:00003A20       .1
 0002:00003A8C       .1
 0002:00003674       .1
 0002:00003C08       .11
 0002:00003C40       .12
 0002:00003A28       .12
 0002:00003898       .2
 0002:00003A84       .2
 0002:00003F3C       .2
 0002:00003FA8       .2
 0002:00003FD0       .2
 0002:00003C4C       .2
 0002:00003FE0       .2
 0002:00003CC0       .2
 0002:00003AD0       .2
 0002:00003A88       .21
 0002:00003FC4       .3
 0002:00003D68       .3
 0002:00003678       .3
 0002:00003F9C       .3
 0002:00003ADC       .3
 0002:00003AD8       .3
 0002:00003F4C       .3
 0002:00003F8C       .3
 0002:00003C88       .3
 0002:00003848       .3
 0002:00003FB0       .31
 0002:00003790       .35
 0002:00003CA8       .36
 0002:00003F74       .36
 0002:00003F80       .4
 0002:00003FD8       .4
 0002:00003BE8       .4
 0002:00003890       .4
 0002:00003C58       .4
 0002:00003FB8       .4
 0002:000038BC       .4
 0002:00003FA0       .4
 0002:00003DA8       .41
 0002:00003D8C       .41
 0002:00003F54       .41
 0002:00003CC8       .42
 0002:00003858       .45
 0002:00003C90       .5
 0002:000037FC       .5
 0002:000035BC       .5
 0002:00003B14       .6
 0002:00003844       .6
 0002:00003CEC       .72
 0002:00003C98       .72
 0002:00003CCC       .73
 0002:00003C8C       .8
 0002:00003CA4       .8
 0002:00003D64       .8
 0002:00003820       .81
 0002:00003D7C       .9
 0001:00001C4C       @AbstractError
 0001:00002CA4       @AfterConstruction
 0001:00002A98       @AsClass
 0001:000020B8       @AStrCmp
 0001:00002CB4       @BeforeDestruction
 0001:00002828       @BoundErr
 0001:00002AE4       @CallDynaInst
 0001:00002C4C       @ClassCreate
 0001:00002C9C       @ClassDestroy
 0001:00001F84       @Close
 0001:00001940       @Copy
 0001:0000439C       @CopyArray
 0001:00004280       @CopyRecord
 0001:00004508       @DispCallByIDError
 0001:0000F59C       @DispInvokeError
 0001:000044A4       @Dispose
 0001:00003130       @DoneExcept
 0001:00004C50       @DynArrayAsg
 0001:00004C14       @DynArrayClear
 0001:00004B00       @DynArrayCopy
 0001:00004B20       @DynArrayCopyRange
 0001:00004940       @DynArrayHigh
 0001:00004938       @DynArrayLength
 0001:00004AF4       @DynArraySetLength
 0001:00003218       @ExceptionHandler
 0001:00002128       @FillChar
 0001:0000425C       @Finalize
 0001:00004170       @FinalizeArray
 0001:00004124       @FinalizeRecord
 0001:00002AFC       @FindDynaInst
 0001:00001F78       @Flush
 0001:0000281C       @FpuInit
 0001:00002758       @FpuMaskInit
 0001:00001BF8       @FRAC
 0001:000017C8       @FreeMem
 0001:000017A8       @GetMem
 0001:000059F0       @GetTls
 0001:00003660       @Halt
 0001:00003588       @Halt0
 0001:00002DC8       @HandleAnyException
 0001:0000307C       @HandleFinally
 0001:00002EF4       @HandleOnException
 0001:00005A3C       @InitExe
 0001:00004118       @Initialize
 0001:00004084       @InitializeArray
 0001:00004054       @InitializeRecord
 0001:0000344C       @InitImports
 0001:00003424       @InitResStringImports
 0001:00003400       @InitResStrings
 0001:00005334       @IntfAddRef
 0001:00005304       @IntfCast
 0001:000052C0       @IntfClear
 0001:000052D8       @IntfCopy
 0001:00002A74       @IsClass
 0001:00002728       @isNECWindows
 0001:000C3278       @jcopy_block_row
 0001:000C322C       @jcopy_sample_rows
 0001:000C3204       @jdiv_round_up
 0001:000BCD98       @jinit_1pass_quantizer
 0001:000BE00C       @jinit_2pass_quantizer
 0001:000C6A14       @jinit_color_converter
 0001:000BC018       @jinit_color_deconverter
 0001:000C4338       @jinit_compress_master
 0001:000C6510       @jinit_c_coef_controller
 0001:000C5814       @jinit_c_main_controller
 0001:000C5674       @jinit_c_master_control
 0001:000C5D2C       @jinit_c_prep_controller
 0001:000C7400       @jinit_downsampler
 0001:000BF780       @jinit_d_coef_controller
 0001:000BE724       @jinit_d_main_controller
 0001:000BFAF4       @jinit_d_post_controller
 0001:000C7A24       @jinit_forward_dct
 0001:000BB610       @jinit_huff_decoder
 0001:000C9768       @jinit_huff_encoder
 0001:000B9150       @jinit_input_controller
 0001:000BFDDC       @jinit_inverse_dct
 0001:000C30A8       @jinit_marker_reader
 0001:000C4BB8       @jinit_marker_writer
 0001:000B9D64       @jinit_master_decompress
 0001:000B8AFC       @jinit_memory_mgr
 0001:000BBBBC       @jinit_merged_upsampler
 0001:000BAA50       @jinit_phuff_decoder
 0001:000C8530       @jinit_phuff_encoder
 0001:000C033C       @jinit_upsampler
 0001:000C3298       @jpeg_abort
 0001:000C3310       @jpeg_alloc_huff_table
 0001:000C32F8       @jpeg_alloc_quant_table
 0001:000C87E0       @jpeg_fdct_float
 0001:000C8574       @jpeg_fdct_ifast
 0001:000BAEF8       @jpeg_fill_bit_buffer
 0001:000B8C08       @jpeg_free_large
 0001:000B8BF8       @jpeg_free_small
 0001:000C94AC       @jpeg_gen_optimal_table
 0001:000B8C00       @jpeg_get_large
 0001:000B8BF0       @jpeg_get_small
 0001:000BB044       @jpeg_huff_decode
 0001:000C1370       @jpeg_idct_1x1
 0001:000C1180       @jpeg_idct_2x2
 0001:000C0DCC       @jpeg_idct_4x4
 0001:000C0554       @jpeg_idct_float
 0001:000C0998       @jpeg_idct_ifast
 0001:000C8C9C       @jpeg_make_c_derived_tbl
 0001:000BABFC       @jpeg_make_d_derived_tbl
 0001:000B8C10       @jpeg_mem_available
 0001:000B8C2C       @jpeg_mem_init
 0001:000B8C30       @jpeg_mem_term
 0001:000B8C1C       @jpeg_open_backing_store
 0001:000C2F74       @jpeg_resync_to_restart
 0001:000C40FC       @jpeg_suppress_tables
 0001:000C3214       @jround_up
 0001:000C3288       @jzero_far
 0001:00003B44       @LStrAddRef
 0001:0000369C       @LStrArrayClr
 0001:000036CC       @LStrAsg
 0001:0000395C       @LStrCat
 0001:000039A0       @LStrCat3
 0001:00003A14       @LStrCatN
 0001:00003678       @LStrClr
 0001:00003AA0       @LStrCmp
 0001:00003BB4       @LStrCopy
 0001:00003BF4       @LStrDelete
 0001:000038E8       @LStrFromArray
 0001:00003860       @LStrFromChar
 0001:00003870       @LStrFromPChar
 0001:00003768       @LStrFromPCharLen
 0001:000038A0       @LStrFromPWChar
 0001:000037D4       @LStrFromPWCharLen
 0001:000038DC       @LStrFromString
 0001:00003900       @LStrFromWArray
 0001:0000391C       @LStrFromWStr
 0001:00003C3C       @LStrInsert
 0001:00003710       @LStrLAsg
 0001:00003954       @LStrLen
 0001:00003D44       @LStrOfChar
 0001:00003C98       @LStrPos
 0001:00003CE0       @LStrSetLength
 0001:00003B54       @LStrToPChar
 0001:00003930       @LStrToString
 0001:00004490       @New
 0001:0000373C       @NewAnsiString
 0001:00003DA0       @NewWideString
 0001:00013FD0       @OleVarFromLStr
 0001:0001408C       @OleVarFromVar
 0001:00001B90       @Pos
 0001:0000243C       @Pow10
 0001:00002034       @PStrCmp
 0001:0000200C       @PStrCpy
 0001:00001FDC       @PStrNCat
 0001:00002018       @PStrNCpy
 0001:000030DC       @RaiseAgain
 0001:000030B4       @RaiseExcept
 0001:000017E8       @ReallocMem
 0001:00001CC0       @RewritText
 0001:00001C1C       @ROUND
 0001:0000366C       @RunError
 0001:00002414       @SetEq
 0001:00001BD0       @SetLength
 0001:00002428       @SetUnion
 0001:000033C0       @StartExe
 0001:000046EC       @Str0Int64
 0001:000021A8       @Str0Long
 0001:0000462C       @StrInt64
 0001:00000388       @strlen
 0001:00002148       @StrLong
 0001:00001C28       @TRUNC
 0001:00003160       @TryFinallyExit
 0001:00003BAC       @UniqueStringA
 0001:00004708       @ValInt64
 0001:000021B4       @ValLong
 0001:00014B1C       @VarAddRef
 0001:00015304       @VarArrayGet
 0001:000153F4       @VarArrayPut
 0001:000100F4       @VarCast
 0001:0000F888       @VarClear
 0001:0000F89C       @VarClr
 0001:00004158       @VarClr
 0001:00016BAC       @VarCmpEQ
 0001:00016BCC       @VarCmpGT
 0001:00016BBC       @VarCmpLT
 0001:0000FBB0       @VarCopy
 0001:00004268       @VarCopy
 0001:0000FE30       @VarCopyNoInd
 0001:00013E60       @VarFromBool
 0001:00013CEC       @VarFromByte
 0001:00013EB0       @VarFromCurr
 0001:00013E08       @VarFromCurrency
 0001:00013E34       @VarFromDate
 0001:00013FA4       @VarFromDisp
 0001:00013DDC       @VarFromDouble
 0001:00013C90       @VarFromInt
 0001:00013D8C       @VarFromInt64
 0001:00013CCC       @VarFromInteger
 0001:00013F78       @VarFromIntf
 0001:00013D2C       @VarFromLongWord
 0001:00013EC4       @VarFromLStr
 0001:00013EF0       @VarFromPStr
 0001:00013E88       @VarFromReal
 0001:00013D4C       @VarFromShortInt
 0001:00013DB8       @VarFromSingle
 0001:00013D6C       @VarFromSmallInt
 0001:00013E9C       @VarFromTDateTime
 0001:00013D0C       @VarFromWord
 0001:00013F40       @VarFromWStr
 0001:0000F5F0       @VarNull
 0001:0000FE44       @VarStringToOleStr
 0001:000118C0       @VarToBool
 0001:00011578       @VarToBoolean
 0001:000109B8       @VarToByte
 0001:00012764       @VarToCurrency
 0001:000121FC       @VarToDate
 0001:00013BE4       @VarToDisp
 0001:00011A8C       @VarToDouble
 0001:00010F7C       @VarToInt64
 0001:000104B8       @VarToInteger
 0001:00013B18       @VarToIntf
 0001:00010C30       @VarToLongWord
 0001:00012E18       @VarToLStr
 0001:00011E08       @VarToReal
 0001:00010908       @VarToShortInt
 0001:00011E24       @VarToSingle
 0001:00010A60       @VarToSmallInt
 0001:00010B58       @VarToWord
 0001:00013540       @VarToWStr
 0001:00003D70       @Write0LString
 0001:000022CC       @WriteBytes
 0001:0000239C       @WriteLn
 0001:00003D78       @WriteLString
 0001:00002320       @WriteSpaces
 0001:00003DE0       @WStrArrayClr
 0001:00003E04       @WStrAsg
 0001:00003DC8       @WStrClr
 0001:00003F40       @WStrCmp
 0001:00003FC4       @WStrCopy
 0001:00003F14       @WStrFromLStr
 0001:00003E28       @WStrFromPCharLen
 0001:00003ED8       @WStrFromPWChar
 0001:00003EB4       @WStrFromPWCharLen
 0001:00003F34       @WStrLen
 0001:00004010       @WStrSetLength
 0001:00003F24       @WStrToPWChar
 0001:000023F0       @_CLenToPasStr
 0001:000023E4       @_CToPasStr
 0001:00001910       @_IOTest
 0001:00004534       @_lldiv
 0001:000045B0       @_llmod
 0001:00004510       @_llmul
 0001:0000BD38       Abort
 0001:000600EC       AbsMin
 0001:0000C104       AbstractErrorHandler
 0002:0000302C       AbstractErrorProc
 0002:00000144       AccessMode
 0001:000A245C       ace
 0001:000A8E4C       ACECheck
 0001:000A3238       aceunpub
 0001:00001878       AcquireExceptionObject
 0001:0002B858       ActicatePage
 0001:0001AE80       ActivateClassGroup
 0001:00006160       ActivateKeyboardLayout
 0002:00003D20       ActiveDrag
 0002:0000389C       ActiveInternalLog
 0001:0001883C       ActiveX
 0001:0006F574       ActnList
 0001:000004B4       AddBlockAfter
 0001:00088874       AddChars
 0001:0008B91C       AddCurrency
 0001:0008B0EC       AddCurrencySymbol
 0002:0000059C       AddDataModule
 0001:0008A9F8       AddDigit
 0001:000079C0       AddExitProc
 0001:000A2EC8       AddField
 0001:00093EBC       AddFieldDefs
 0001:000940F0       AddFields
 0001:000A5BBC       AddFieldToList
 0001:0001ED2C       AddFinished
 0001:00072D70       AddIn
 0001:0008BC0C       AddLiterals
 0001:0002A79C       AddModule
 0001:00005154       AddModuleUnloadProc
 0001:00005164       AddModuleUnloadProc
 0001:0008B1CC       AddNegCurrencySymbol
 0001:00089F60       AddNormalizedFractions
 0001:0001ED64       AddNotFinished
 0001:0008A9DC       AddOneChar
 0001:00088930       AddStrings
 0001:0001F788       AddSubComponentsToLoaded
 0001:0002A898       AddToStack
 0002:0000141C       AdjustAmt
 0002:00001424       AdjustAmt
 0002:0000140C       AdjustAmt
 0002:00001414       AdjustAmt
 0001:00036074       AdjustColor
 0001:000429E8       AdjustColors
 0001:0008938C       AdjustDecimalPosition
 0001:0002B7A8       AdjustDialog
 0001:000A03C0       AdjustFirstRecord
 0001:00079D9C       Adjustment
 0001:0008A2B8       AdjustNibbles
 0001:00006168       AdjustWindowRectEx
 0001:000A2044       AdsAppendRecord
 0001:000A204C       AdsAtBOF
 0001:000A2054       AdsAtEOF
 0001:000A205C       AdsBeginTransaction
 0001:000A2064       AdsBuildRawKey
 0001:000A206C       AdsCacheOpenCursors
 0001:000A2074       AdsCacheOpenTables
 0001:000A207C       AdsCacheRecords
 0001:000A2084       AdsCancelUpdate
 0001:000A2094       AdsClearAllScopes
 0001:000A208C       AdsClearAOF
 0001:000A209C       AdsClearFilter
 0001:000A31C8       AdsClearRecordBuffer
 0001:000A20A4       AdsClearScope
 0001:000A20C4       AdsCloseCachedTables
 0001:000A20AC       AdsCloseIndex
 0001:000A20B4       AdsCloseSQLStatement
 0001:000A20BC       AdsCloseTable
 0001:000B6458       adscnnct
 0001:000A20CC       AdsCommitTransaction
 0001:000A214C       AdsCompareBookmarks
 0001:000A20D4       AdsConnect
 0001:000A201C       AdsConnect60
 0001:000B342C       AdsConnectionError.Create
 0001:000B34A0       AdsConnectionError.Destroy
 0001:000A3200       AdsConvertDateToJulian
 0001:000A3198       AdsConvertJulianToString
 0001:000A31A0       AdsConvertStringToJulian
 0001:000A2424       AdsCreateSavepoint
 0001:000A20DC       AdsCreateSQLStatement
 0001:000B2B08       adsdata
 0001:000A202C       AdsDDFindClose
 0001:000A203C       AdsDDFindFirstObject
 0001:000A2034       AdsDDFindNextObject
 0001:000A2024       AdsDDGetTableProperty
 0001:000A200C       AdsDDGetUserProperty
 0001:000A2014       AdsDDRenameObject
 0001:000A20E4       AdsDeleteRecord
 0001:000A7284       adsdictionary
 0001:000A20EC       AdsDisconnect
 0001:000A20F4       AdsEnableEncryption
 0001:000B3324       AdsError.Create
 0001:000B3404       AdsError.Destroy
 0001:000A20FC       AdsEvalLogicalExpr
 0001:000A2104       AdsExecuteSQL
 0001:000A210C       AdsExecuteSQLDirect
 0001:000A31B8       AdsExpressionLongToShort
 0001:000A31C0       AdsExpressionShortToLong
 0001:000A23DC       AdsFindClose
 0001:000A23E4       AdsFindFirstTable
 0001:000A23F4       AdsFindFirstTable62
 0001:000A23EC       AdsFindNextTable
 0001:000A23FC       AdsFindNextTable62
 0001:000A39D0       adsfunc
 0001:000A2404       AdsGetActiveLinkInfo
 0001:000A211C       AdsGetAllIndexes
 0001:000A2114       AdsGetAOF
 0001:000A2124       AdsGetBinary
 0001:000A212C       AdsGetBinaryLength
 0001:000A2134       AdsGetBookmark
 0001:000A213C       AdsGetBookmark60
 0001:000A2144       AdsGetBookmarkLength
 0001:000A31E8       AdsGetColumnPermissions
 0001:000A2154       AdsGetConnectionType
 0001:000A215C       AdsGetDeleted
 0001:000A2164       AdsGetExact22
 0001:000A216C       AdsGetField
 0001:000A2174       AdsGetFieldDecimals
 0001:000A217C       AdsGetFieldLength
 0001:000A2184       AdsGetFieldName
 0001:000A218C       AdsGetFieldOffset
 0001:000A2194       AdsGetFieldType
 0001:000A219C       AdsGetFilter
 0001:000A21A4       AdsGetHandleType
 0001:000A21AC       AdsGetIndexCondition
 0001:000A21B4       AdsGetIndexFilename
 0001:000A3180       AdsGetIndexFlags
 0001:000A21BC       AdsGetIndexHandle
 0001:000A21C4       AdsGetIndexName
 0001:000A31D8       AdsGetIndexPageSize
 0001:000A21CC       AdsGetKeyLength
 0001:000A21D4       AdsGetKeyNum
 0001:000A23D4       AdsGetLastAutoinc
 0001:000A21DC       AdsGetLastError
 0001:000A21E4       AdsGetMemoDataType
 0001:000A21EC       AdsGetMemoLength
 0001:000A31E0       AdsGetNullRecord
 0001:000A240C       AdsGetNumActiveLinks
 0001:000A21F4       AdsGetNumFields
 0001:000A21FC       AdsGetNumIndexes
 0001:000A3188       AdsGetNumSegments
 0001:000A2204       AdsGetRecord
 0001:000A220C       AdsGetRecordCount
 0001:000A221C       AdsGetRecordCRC
 0001:000A2214       AdsGetRecordLength
 0001:000A2224       AdsGetRecordNum
 0001:000A222C       AdsGetRelKeyPos
 0001:000A2234       AdsGetScope
 0001:000A3190       AdsGetSegmentFieldname
 0001:000A223C       AdsGetServerName
 0001:000A2244       AdsGetServerTime
 0001:000A3170       AdsGetSQLStmtParams
 0001:000A224C       AdsGetTableCharType
 0001:000A2254       AdsGetTableOpenOptions
 0001:000A225C       AdsGetTableType
 0001:000A2264       AdsGetVersion
 0001:000A31F8       AdsGotoBOF
 0001:000A226C       AdsGotoBookmark
 0001:000A2274       AdsGotoBottom
 0001:000A227C       AdsGotoRecord
 0001:000A2284       AdsGotoTop
 0001:000A228C       AdsInitRawKey
 0001:000A2414       AdsIsConnectionAlive
 0001:000A2294       AdsIsEmpty
 0001:000A23C4       AdsIsEncryptionEnabled
 0001:000A229C       AdsIsIndexCustom
 0001:000A22A4       AdsIsIndexDescending
 0001:000A22AC       AdsIsIndexPrimaryKey
 0001:000A22B4       AdsIsIndexUnique
 0001:000A22BC       AdsIsRecordDeleted
 0001:000A22C4       AdsIsRecordVisible
 0001:000A22CC       AdsIsTableEncrypted
 0001:000A22D4       AdsLockRecord
 0001:000A22DC       AdsOpenIndex
 0001:000A22E4       AdsOpenTable
 0001:000A22EC       AdsPrepareSQL
 0001:000A22F4       AdsRefreshRecord
 0001:000A22FC       AdsRollbackTransaction
 0001:000A241C       AdsRollbackTransaction80
 0001:000A2304       AdsSeek
 0001:000A2508       adsset
 0001:000A230C       AdsSetAOF
 0001:000A2314       AdsSetBinary
 0001:000A231C       AdsSetDouble
 0001:000A2324       AdsSetEmpty
 0001:000A232C       AdsSetExact22
 0001:000A2334       AdsSetField
 0001:000A31A8       AdsSetFieldRaw
 0001:000A233C       AdsSetFilter
 0001:000A2344       AdsSetJulian
 0001:000A31F0       AdsSetLastError
 0001:000A234C       AdsSetLogical
 0001:000A2354       AdsSetMilliseconds
 0001:000A235C       AdsSetRelKeyPos
 0001:000A2364       AdsSetScope
 0001:000A236C       AdsSetString
 0001:000A31B0       AdsSetTimeStampRaw
 0001:000A2374       AdsShowError
 0001:000A237C       AdsSkip
 0001:000A3178       AdsSqlPeekStatement
 0001:000A31D0       AdsStepIndexKey
 0001:000A2384       AdsStmtConstrainUpdates
 0001:000A23B4       AdsStmtReadAllColumns
 0001:000A238C       AdsStmtSetTableCharType
 0001:000A2394       AdsStmtSetTableLockType
 0001:000A239C       AdsStmtSetTableReadOnly
 0001:000A23A4       AdsStmtSetTableRights
 0001:000A23AC       AdsStmtSetTableType
 0001:000A335C       adsstrng
 0001:000A7238       adstable
 0001:000A23BC       AdsUnlockRecord
 0001:000A3270       adsver
 0001:000A23CC       AdsWriteRecord
 0001:0000D418       AL1
 0002:00000314       AL1s
 0001:0000D428       AL2
 0002:00000324       AL2s
 0002:00000C30       Alignments
 0002:00000FE0       Alignments
 0002:000012B4       Alignments
 0002:000012A4       Alignments
 0001:00080C94       AlignWork
 0001:0006586C       AlignWork
 0001:000250B0       AllocateHWnd
 0001:00007974       AllocMem
 0002:000035B4       AllocMemCount
 0002:000035B8       AllocMemSize
 0001:0003B590       AllocPatternBitmap
 0001:00005998       AllocTlsBuffer
 0001:000A3278       AllTrim
 0001:0000D458       ALR
 0001:0000D440       ALV
 0001:00022510       AncestorIsValid
 0002:00001090       AnchorAlign
 0002:00001084       AnimateWindowProc
 0002:0000118C       AnimationStyle
 0001:00007BA0       AnsiCompareStr
 0001:00007BD8       AnsiCompareText
 0001:00007CB8       AnsiExtractQuotedStr
 0001:000083F4       AnsiLastChar
 0001:00006170       AnsiLower
 0001:00007B6C       AnsiLowerCase
 0001:0000CA88       AnsiLowerCaseFileName
 0001:0000CA50       AnsiPos
 0001:00077584       AnsiSameCaption
 0001:00007C10       AnsiSameText
 0001:00007C28       AnsiStrIComp
 0001:00007C48       AnsiStrLIComp
 0001:0000CB14       AnsiStrPos
 0001:0000CBB4       AnsiStrRScan
 0001:0000CBDC       AnsiStrScan
 0001:00005734       AnsiToUtf8
 0001:00007B38       AnsiUpperCase
 0001:00013AA0       AnyToIntf
 0001:00009F78       AppendChars
 0001:0000A33C       AppendFormat
 0001:00009FDC       AppendNumber
 0001:00009FBC       AppendString
 0001:0002E838       AppendToLogFile
 0002:00003D84       Application
 0002:000005AC       ApplicationHandleException
 0002:000005B4       ApplicationShowException
 0002:000013E0       AppVisible
 0002:00000EC4       Arrangements
 0001:0002A0B0       ASMAssigned
 0001:0000C0E8       AssertErrorHandler
 0002:00003024       AssertErrorProc
 0001:000A6E34       AssignFields
 0001:00017E64       AssignLongStr
 0001:000184E0       AssignVariant
 0001:000949A8       AttributeSetStored
 0002:00000ECC       AutoArrange
 0002:0000360C       avail
 0001:0000868C       BackfillGetDiskFreeSpaceEx
 0001:00062C80       BackgroundClipped
 0001:0000E2BC       BackupVarBoolFromStr
 0001:0000E41C       BackupVarBStrFromBool
 0001:0000E33C       BackupVarBStrFromCy
 0001:0000E3AC       BackupVarBStrFromDate
 0001:0000E250       BackupVarCyFromStr
 0001:0000E1E4       BackupVarDateFromStr
 0001:0000E0A0       BackupVarI4FromStr
 0001:0000E04C       BackupVariantChangeTypeEx
 0001:0000E10C       BackupVarR4FromStr
 0001:0000E178       BackupVarR8FromStr
 0002:000016BC       BaseFieldTypes
 0002:0000045C       BaseTypeMap
 0001:0008A88C       BcdAdd
 0001:0008A468       BcdCompare
 0001:0008B55C       BcdCurrencyFormat
 0001:0008A6D0       BcdDivide
 0001:0008A820       BcdDivide
 0001:00087A48       BcdError
 0001:000879D8       BcdErrorFmt
 0001:0008AF0C       BcdFixedOrNumberFormat
 0001:0008AEA8       BcdGeneralFormat
 0001:0008A56C       BcdMultiply
 0001:0008A664       BcdMultiply
 0001:0008AD00       BcdScale
 0001:0008AEC0       BcdScientificFormat
 0001:0008A530       BcdSubtract
 0001:0008ADFC       BCDToCurr
 0001:00088448       BcdToDouble
 0001:0008ABBC       BcdToStr
 0001:0008B648       BcdToStrF
 0001:0000C6DC       Beep
 0001:0001B254       BeginGlobalLoading
 0001:00006178       BeginPaint
 0001:00036080       BetterSize
 0001:00073BE4       BiDiDraw
 0001:00083BB4       bind
 0001:00023CA8       BinToHex
 0001:00005F30       BitBlt
 0002:00000DE0       BitBtnCaptions
 0002:00003C5C       BitBtnGlyphs
 0002:00000E0C       BitBtnModalResults
 0002:00000DB4       BitBtnResNames
 0002:00000B14       BitCounts
 0002:00000B0C       BitmapCanvasList
 0002:00003A40       BitmapImageLock
 0001:0000E088       BiUnimplemented
 0001:00089228       BlankArgument
 0002:00000654       BlockCode
 0002:000035E4       blockDescBlockList
 0002:000035E8       blockDescFreeList
 0002:00000580       BooleanIdents
 0002:00000458       BooleanToStringRule
 0001:00008214       BoolToStr
 0001:00012BA0       BoolToWStrViaOS
 0002:00000EA4       BorderStyles
 0002:00000C28       BorderStyles
 0002:00000FD8       BorderStyles
 0001:00005AF4       Bounds
 0001:0001A17C       Bounds
 0002:0000124C       Breaks
 0002:00003A78       BrushManager
 0001:00092D24       BuffersEqual
 0001:0009FA8C       BufferToByteArray
 0001:000B7188       BuildColorMap
 0001:00076398       BuildImage
 0001:000B70E0       BuildPalette
 0002:00000BD0       ButtonCaptions
 0002:00000E3C       ButtonCount
 0002:00000BA4       ButtonNames
 0001:00046FE4       Buttons
 0002:000012C8       Buttons
 0002:0000107C       ButtonStyles
 0002:00003C14       ButtonWidths
 0001:0009FB40       ByteArrayToBuffer
 0001:00035860       BytesPerScanline
 0001:00035BB8       ByteSwapColors
 0001:0000C7C0       ByteToCharIndex
 0001:0000C798       ByteToCharLen
 0001:0000C75C       ByteType
 0001:0000C6E4       ByteTypeTest
 0002:00003D6C       CachedComCtrlVer
 0001:00024FEC       CalcJmpOffset
 0001:0008B80C       CalcPrecisionAndDigits
 0001:0006D54C       CalcSplitterPos
 0001:0009A750       CalcTotalSize
 0001:000949E8       CalculatedStored
 0001:00006180       CallNextHookEx
 0001:0000D3DC       CallTerminateProcs
 0001:00006188       CallWindowProc
 0001:00030710       Call_HookedExceptionObject
 0001:00030608       Call_HookedRaise
 0001:00061124       CancelDrag
 0001:000A112C       CancelNestedDataSets
 0001:0002CF20       CanSendLogFile
 0001:000891B8       CanUseShort
 0002:00003D34       CanvasList
 0002:00003A7C       CanvasList
 0002:00000B7C       Captions
 0002:00001148       CaptureControl
 0002:000011EC       cBooleanToItemAutoFlag
 0002:0000048C       CBooleanToRelationship
 0001:00005B10       CenterPoint
 0002:00003C4A       CF_COMPONENT
 0002:00003C48       CF_PICTURE
 0002:0000394C       CGIHandleException
 0002:00003924       CGIOutputFile
 0002:00003818       ChangeAnyProc
 0001:0005F650       ChangeBiDiModeAlignment
 0001:00008474       ChangeFileExt
 0002:00001000       CharCases
 0002:00001030       CharCases
 0001:00003798       CharFromWChar
 0001:0000C994       CharLength
 0001:00006190       CharLowerBuff
 0001:00006198       CharNext
 0001:00000300       CharNext
 0001:00034064       CharsetToIdent
 0001:0000C8A8       CharToByteIndex
 0001:0000C90C       CharToByteLen
 0001:000061A0       CharToOemA
 0001:000061A8       CharUpperBuff
 0001:00036648       CheckBool
 0001:0004D800       CheckCommonControl
 0001:00084990       CheckError
 0001:000292A0       CheckForResult
 0001:00002D44       CheckJmp
 0001:000061B0       CheckMenuItem
 0001:0009FFAC       CheckNestedBrowseMode
 0001:0002EB5C       CheckPercent
 0002:0000123C       Checks
 0001:000843D0       CheckSocketResult
 0001:000875C4       CheckSqlTimeStamp
 0001:0001F7C4       CheckSubComponents
 0001:00023DB0       CheckSynchronize
 0001:000797BC       CheckTaskWindow
 0001:0002D64C       CheckToSendLastEmail
 0001:000141DC       CheckType
 0001:00060DD8       CheckUndock
 0001:0000C5D0       CheckWin32Version
 0001:000061B8       ChildWindowFromPoint
 0002:00000474       CInvalidCustomVariantType
 0002:000011F0       cItemAutoFlagToBoolean
 0002:000011E8       cItemAutoFlagToMenu
 0001:0002523C       Classes
 0001:0001AC44       ClassNotFound
 0001:00084534       Cleanup
 0002:00003814       ClearAnyProc
 0001:000338F4       ClearColor
 0001:0008CDC4       ClearExcepInfo
 0001:00015E2C       ClearVariantTypeList
 0001:000061C0       ClientToScreen
 0001:0006AAF0       ClientToWindow
 0002:00000B04       ClipboardFormats
 0001:00043664       Clipbrd
 0001:000061C8       CloseClipboard
 0001:000002A0       CloseHandle
 0001:00005C58       CloseHandle
 0001:00083BBC       closesocket
 0002:00003B1C       CloseThemeData
 0002:00000B64       CLSID_AutoComplete
 0002:00003954       CLXHandleException
 0002:00003040       CmdLine
 0002:0000303C       CmdShow
 0002:000011E4       cMenuAutoFlagToItem
 0002:00000498       CmpTypeMap
 0001:0000E094       CmpUnimplemented
 0002:0000149C       CoAddRefServerProcess
 0001:000187E0       CoCreateInstance
 0002:00001494       CoCreateInstanceEx
 0002:00000E94       Codes
 0002:00000F20       Codes
 0002:00003CBC       CoInitExProcLoaded
 0002:000014AC       CoInitFlags
 0001:000187D0       CoInitialize
 0002:00001498       CoInitializeEx
 0002:00003CB8       CoInitializeExProc
 0001:0001B510       CollectionsEqual
 0002:00000884       Colors
 0001:00033E5C       ColorToIdent
 0002:00000C3C       ColorToPretyName
 0001:00033E4C       ColorToRGB
 0002:00000EF4       ColumnClicks
 0002:00003A04       ColWidths
 0002:00000F50       ComboBoxExStyles
 0002:0000101C       ComboBoxStyles
 0002:00000F5C       ComboExStyles
 0002:00003F5C       ComClassManagerVar
 0001:0008C274       ComConst
 0002:00003A90       ComCtl32DLL
 0002:00003CB4       ComCtlVersion
 0001:00055B40       ComCtrls
 0002:00003D80       CommandPool
 0001:0003C098       CommCtrl
 0001:0003E948       CommDlg
 0001:00000794       Commit
 0002:00003628       committedRoot
 0001:0008D08C       ComObj
 0001:0008A238       CompactBcd
 0001:00088614       CompareDigits
 0001:0002A238       CompareEurekaFunctions
 0001:00072354       CompareFront
 0001:00007AA0       CompareMem
 0001:0008A018       CompareNormalizedFractions
 0001:00007A70       CompareStr
 0001:00005C60       CompareString
 0001:00007AC0       CompareText
 0001:0000813C       CompareWith
 0001:0002E7C0       CompleteStr
 0001:0001F8A4       ComponentCreated
 0001:00036418       ComputeAldusChecksum
 0001:0002D750       ComputerName
 0001:00043620       ComStrs
 0001:00083BC4       connect
 0001:00032594       Consts
 0001:0003BAD0       Contnrs
 0002:00003CF2       ControlAtom
 0002:00003CF8       ControlAtomString
 0001:0007E564       ControlHasHelp
 0001:0006E1E8       Controls
 0002:000005D0       Convert
 0002:000005E0       Convert
 0001:0000BAD8       ConvertAddr
 0001:000274C8       ConvertAddress
 0001:00028F9C       ConvertAddress
 0001:0000A0CC       ConvertEraString
 0001:00007938       ConvertError
 0001:00007950       ConvertErrorFmt
 0001:00051C18       ConvertFlags
 0001:00051A84       ConvertMask
 0001:00051C3C       ConvertStates
 0001:0000A234       ConvertYearString
 0001:00004948       CopyArray
 0001:000388CC       CopyBitmap
 0001:00038F94       CopyBitmapAsMask
 0001:0008AE94       CopyByte
 0001:00005F38       CopyEnhMetaFile
 0001:0004635C       CopyImage
 0001:00046D94       CopyImage
 0001:000066E0       CopyMemory
 0001:00038F30       CopyPalette
 0001:000061D0       CopyRect
 0002:00000F74       Copyright
 0001:00075444       CopyToBest
 0002:000014A0       CoReleaseServerProcess
 0002:000014A4       CoResumeClassObjects
 0002:000014A8       CoSuspendClassObjects
 0001:000187E8       CoTaskMemAlloc
 0001:000187D8       CoUninitialize
 0001:0000C818       CountChars
 0002:00003A58       CounterLock
 0002:00000478       CRangeToType
 0001:0000C02C       CreateAssertException
 0001:0000C1B4       CreateAVObject
 0001:00005F40       CreateBitmap
 0001:00005F48       CreateBrushIndirect
 0001:00005F50       CreateCompatibleBitmap
 0001:00005F58       CreateCompatibleDC
 0001:0001F924       CreateComponent
 0001:00006838       CreateDialog
 0001:000061D8       CreateDialogParam
 0001:00005F68       CreateDIBitmap
 0001:00005F60       CreateDIBSection
 0001:00005C68       CreateEvent
 0001:00005C70       CreateFile
 0001:000002A8       CreateFileA
 0001:00005F70       CreateFont
 0001:00005F78       CreateFontIndirect
 0001:00005F80       CreateHalftonePalette
 0001:000061E0       CreateIcon
 0001:0000BF58       CreateInOutError
 0001:000061E8       CreateMenu
 0001:0003F408       CreateMessageDialog
 0001:00005F88       CreatePalette
 0001:00005F90       CreatePenIndirect
 0001:000061F0       CreatePopupMenu
 0001:00005C78       CreateProcess
 0001:00005F98       CreateSolidBrush
 0001:00035C10       CreateSystemPalette
 0001:00005C80       CreateThread
 0001:000067E0       CreateWindow
 0001:00006788       CreateWindowEx
 0002:00000B74       CreationControl
 0002:00001088       CreationControl
 0002:0000056C       CRelationshipToBoolean
 0002:0000043C       CResult
 0002:0000013C       cSimpleBoolStrs
 0002:00000514       CText
 0002:00001074       Ctl3DStyles
 0002:00001184       Ctl3DStyles
 0002:00003620       curAlloc
 0001:00014470       CurrCompare
 0002:00003688       CurrencyDecimals
 0002:00003684       CurrencyFormat
 0002:00003680       CurrencyString
 0002:00003A1C       CurrentGeneralErrorText
 0002:0000391C       CurrentOptions
 0002:000038E0       CurrentStackList
 0002:000038E4       CurrentStackPointer
 0001:00009F64       CurrentYear
 0001:0008AD70       CurrToBCD
 0001:0000982C       CurrToStr
 0001:00009894       CurrToStrF
 0001:00012B30       CurrToWStrViaOS
 0002:00001364       CursorMap
 0002:00001098       Cursors
 0001:0005F970       CursorToIdent
 0002:00001354       cUseAlpha
 0002:0000135C       cUseColorKey
 0002:00000334       CVarTypeToElementInfo
 0001:00007E1C       CvtInt
 0001:00007E88       CvtInt64
 0002:00001488       CWNear
 0002:0000017C       CWNear
 0001:00092C08       DatabaseError
 0001:00092CB4       DatabaseErrorFmt
 0001:00014448       DateCompare
 0002:00003689       DateSeparator
 0001:0009FA44       DateTimeToNative
 0001:000874F4       DateTimeToSQLTimeStamp
 0001:0000AB7C       DateTimeToStr
 0001:0000AAF0       DateTimeToString
 0001:00009A48       DateTimeToTimeStamp
 0001:0000AB4C       DateToStr
 0001:00012B68       DateToWStrViaOS
 0001:00086604       DateUtils
 0001:00009EEC       DayOfWeek
 0001:0008659C       DaysInAMonth
 0001:000A1F80       DB
 0002:00003F70       DBApplication
 0001:000A3168       DBCommon
 0001:000867AC       DBConsts
 0002:00003F6C       DBScreen
 0002:00000178       DCon10
 0002:00000880       DDBsOnly
 0001:00025164       DeallocateHWnd
 0002:00000028       DebugHook
 0002:00003687       DecimalSeparator
 0001:0001569C       DecIndices
 0001:00009ECC       DecodeDate
 0001:00009D80       DecodeDateFully
 0001:00009BF0       DecodeTime
 0001:00000828       Decommit
 0001:00000E44       DecommitFree
 0002:000035FC       decommittedRoot
 0001:000818BC       Default
 0001:0007C1EC       Default
 0002:00000020       Default8087CW
 0002:0000108C       DefaultDockTreeClass
 0002:000014C4       DefaultFieldClasses
 0001:000504E4       DefaultListViewSort
 0002:00000034       DefaultTextLineBreakStyle
 0002:000035C0       DefaultUserCodePage
 0002:00000AD4       DefBrushData
 0002:00000854       DefFontData
 0001:000061F8       DefFrameProc
 0002:00000208       DefLongDayNames
 0002:000001BC       DefLongMonthNames
 0001:00006200       DefMDIChildProc
 0002:00000AB4       DefPenData
 0002:000001EC       DefShortDayNames
 0002:0000018C       DefShortMonthNames
 0001:00006208       DefWindowProc
 0001:00004CA8       DelayLoadResourceModule
 0001:000004E4       DeleteBlock
 0001:00005C88       DeleteCriticalSection
 0001:00000454       DeleteCriticalSection
 0001:00005FA0       DeleteDC
 0001:00005FA8       DeleteEnhMetaFile
 0001:00000C8C       DeleteFree
 0001:00006210       DeleteMenu
 0001:00005FB0       DeleteObject
 0001:0005B00C       DeleteSelectedText
 0001:00038488       DeselectBitmap
 0001:00006218       DestroyCursor
 0001:00006220       DestroyIcon
 0001:00046EA4       DestroyLocals
 0001:00006228       DestroyMenu
 0001:00006230       DestroyWindow
 0001:00006238       DialogBoxParam
 0001:0005CBDC       DialogEnumerationTester
 0001:0003FC30       Dialogs
 0002:00000B10       DIBPalSizes
 0002:00000090       dig
 0002:00000F0C       Directions
 0001:00079610       DisableTaskWindows
 0001:0008C7D8       DispatchInvoke
 0001:0008CDB8       DispatchInvokeError
 0001:00006240       DispatchMessage
 0001:0007F844       DispatchShortCut
 0001:0008CDD4       DispCall
 0001:0008CEB8       DispCallByID
 0002:00003000       DispCallByIDProc
 0001:0008CCE4       DispCallError
 0001:00092D10       DisposeMem
 0001:0000791C       DivMod
 0001:0003E980       Dlgs
 0002:000038AC       DllList
 0001:000656FC       DoAlign
 0001:00080B48       DoAlign
 0001:0009F0F0       DoBindFields
 0001:000697B0       DoCalcConstraints
 0002:00003D28       DockSiteList
 0001:00076064       DoClick
 0001:00066E40       DoControlMsg
 0001:000795C0       DoDisableWindow
 0001:00060704       DoDragOver
 0001:00007994       DoExitProc
 0001:0006B820       DoFindControlZone
 0001:000796FC       DoFindWindow
 0001:0006BDAC       DoFindZone
 0001:0006B8A4       DoForEach
 0001:0006D1B0       DoGetNextLimit
 0001:000321B4       Done
 0001:000272E4       Done
 0001:00079588       DoneApplication
 0001:0006DF10       DoneControls
 0001:0000C4E0       DoneExceptions
 0001:0007DBC0       DoNestedActivation
 0001:00023D70       DoneThreadSynchronization
 0001:000652BC       DoPosition
 0001:00080998       DoPosition
 0001:0006C7D8       DoPrune
 0001:00041EA8       DoRect
 0001:0006CCB0       DoSaveZone
 0001:0006CEB4       DoSetNewBounds
 0002:0000148C       Dot
 0002:00000588       DotSep
 0002:00000E40       DownStyles
 0001:000368A0       DoWrite
 0001:000375A4       DoWrite
 0001:000709B4       DoWrite
 0001:0001CD94       DoWrite
 0001:00066428       DoWriteDesignSize
 0001:00063D80       DoWriteIsControl
 0002:00003D0C       DragCapture
 0002:00003D00       DragControl
 0001:00060E4C       DragDone
 0001:000606B4       DragFindTarget
 0001:00060688       DragFindWindow
 0002:00003D24       DragImageList
 0001:00060AA4       DragInit
 0001:00060C14       DragInitControl
 0002:00003D08       DragInternalObject
 0001:000605D0       DragMessage
 0002:00003D04       DragObject
 0002:00003D30       DragSave
 0002:00003D18       DragSaveCursor
 0002:00003D10       DragStartPos
 0002:00003D1C       DragThreshold
 0001:000607D4       DragTo
 0001:000818F8       DrawAppIcon
 0001:0002B654       DrawBmp
 0001:0006C344       DrawCloseButton
 0001:00006248       DrawEdge
 0001:00006250       DrawFocusRect
 0001:00006258       DrawFrameControl
 0001:0006C39C       DrawGrabberLine
 0001:00006260       DrawIcon
 0001:00006268       DrawIconEx
 0002:000011C0       DrawingStyles
 0001:00006270       DrawMenuBar
 0001:000773A4       DrawMenuItem
 0001:00006278       DrawText
 0002:00003B20       DrawThemeBackground
 0002:00003B44       DrawThemeEdge
 0002:00003B48       DrawThemeIcon
 0002:00003BCC       DrawThemeParentBackground
 0002:00003B24       DrawThemeText
 0001:00084FF8       DropStream
 0001:000356E0       DupBits
 0001:00015648       DynArrayBounds
 0001:00004960       DynArrayClear
 0001:000155C0       DynArrayDim
 0001:000155A4       DynArrayElTypeInfo
 0001:00015AF8       DynArrayFromVariant
 0001:00015564       DynArrayIndex
 0001:00004968       DynArraySetLength
 0001:000155D8       DynArraySize
 0001:000157A8       DynArrayToVariant
 0001:00015708       DynArrayVariantBounds
 0001:00015760       DynArrayVarType
 0001:000A9114       EADSDatabaseError.Create
 0001:000A93B4       EADSDatabaseError.Destroy
 0001:000A9024       EADSDatabaseError.GetNativeSQLError
 0001:00025DC4       EConsts
 0001:00027328       ECore
 0002:000012AC       EdgeStyle
 0002:00001064       EdgeStyles
 0002:00001174       EdgeStyles
 0002:00000EAC       EditStyles
 0001:0000BF2C       EHeapException.FreeInstance
 0001:00027DE0       EHook
 0001:00027EAC       ELang
 0001:000B6770       EmitMessage
 0001:00006280       EmptyClipboard
 0001:000142D4       EmptyCompare
 0002:00003800       EmptyParam
 0002:000000C0       EmptyStr
 0002:000000C4       EmptyWideStr
 0002:00000684       EMsgs
 0001:00006288       EnableMenuItem
 0002:00001244       Enables
 0001:00006290       EnableScrollBar
 0001:000796C4       EnableTaskWindows
 0002:00003BB4       EnableThemeDialogTexture
 0002:00003BD0       EnableTheming
 0001:00006298       EnableWindow
 0001:00009D50       EncodeDate
 0001:00009BB0       EncodeTime
 0001:000062A0       EndDialog
 0001:0001B2DC       EndGlobalLoading
 0001:000062A8       EndPaint
 0001:00005C90       EnterCriticalSection
 0001:00000444       EnterCriticalSection
 0001:00005C98       EnumCalendarInfoA
 0002:00003AB4       EnumDisplayMonitors
 0001:0000B74C       EnumEraNames
 0001:0000B788       EnumEraYearOffsets
 0001:0007C7B0       EnumMonitorsProc
 0001:00005CA0       EnumSystemLocales
 0001:000062B0       EnumThreadWindows
 0001:0001F0D4       EnumValue
 0001:000062B8       EnumWindows
 0001:0008C508       EOleException.Create
 0001:0008C438       EOleSysError.Create
 0001:000062C0       EqualRect
 0002:00003750       EraNames
 0001:0000AE08       EraToYear
 0002:0000376C       EraYearOffsets
 0002:00000068       errCaption
 0001:0001E8B8       Error
 0001:000720A4       Error
 0001:00001904       Error
 0001:0001A7E8       Error
 0002:00000004       ErrorAddr
 0001:000018B8       ErrorAt
 0001:0000BFD8       ErrorHandler
 0002:00000224       ErrorMap
 0002:00003008       ErrorProc
 0002:000033E8       ErrOutput
 0002:000007F4       EShowOptions
 0001:00025300       ETypes
 0001:00092B34       EUpdateError.Create
 0001:00092BD8       EUpdateError.Destroy
 0002:00000680       EurekaLogCurrentVersion
 0002:00000748       EVals
 0002:0000161C       Events
 0001:00001858       ExceptAddr
 0002:0000300C       ExceptClsProc
 0001:0000C44C       ExceptHandler
 0001:0000BD58       Exception.Create
 0001:0000BD94       Exception.CreateFmt
 0001:0000BEE4       Exception.CreateHelp
 0001:0000BE14       Exception.CreateRes
 0001:0000BE50       Exception.CreateResFmt
 0002:000038B8       ExceptionActionNotify
 0002:0000301C       ExceptionClass
 0001:0000BAE4       ExceptionErrorMessage
 0001:00032274       ExceptionLog
 0001:00031724       ExceptionManager
 0002:000038B4       ExceptionNotify
 0002:0000392C       ExceptionNumber
 0001:00028FDC       ExceptionTypeByAddr
 0002:0000025C       ExceptMap
 0001:0002EBF0       ExceptNotify
 0001:00001838       ExceptObject
 0002:00003010       ExceptObjProc
 0002:00003004       ExceptProc
 0001:00005FB8       ExcludeClipRect
 0002:00000000       ExitCode
 0001:000034CC       ExitDll
 0002:00003048       ExitProc
 0001:00000308       ExitProcess
 0001:00005CA8       ExitProcess
 0002:00003028       ExitProcessProc
 0002:00000138       ExitProcList
 0001:00005CB0       ExpandEnvironmentStrings
 0001:00008650       ExpandFileName
 0001:0002C898       ExpandPath
 0001:0002A240       ExportedFunctions
 0001:0004817C       ExtActns
 0001:000435B0       ExtCtrls
 0001:0004703C       ExtDlgs
 0001:0002C8CC       ExtractAddresses
 0001:000311E8       ExtractExceptionData
 0001:00092D38       ExtractFieldName
 0001:0000853C       ExtractFileDrive
 0001:00008608       ExtractFileExt
 0001:000085D0       ExtractFileName
 0001:00008508       ExtractFilePath
 0001:0008BAB0       ExtractLiterals
 0001:0008B704       ExtractMoneySymbol
 0001:00029A38       ExtractStr
 0001:0001B630       ExtractStrings
 0001:00005FC0       ExtTextOut
 0002:00003970       fActive
 0002:00000850       fActivePage
 0002:0000378C       FalseBoolStrs
 0002:000039C4       fBmp
 0002:00003974       fCaptionFont
 0002:00003C50       FClipboard
 0002:0000016C       FCon1E18
 0002:00001484       FConst10
 0002:00003968       fDlgBack
 0001:000C98EC       FF
 0002:0000397C       fFixedFont
 0002:00003988       fIcon
 0002:00003990       fIconInfo
 0001:000B0D8C       FieldsMatchPartial
 0002:0000155C       FieldTypeNames
 0001:0000837C       FileAge
 0001:00008374       FileClose
 0001:000082B8       FileCreate
 0001:000082DC       FileCreate
 0001:000083E4       FileExists
 0002:00000B08       FileFormats
 0002:00000008       FileMode
 0001:00001D08       FileNOPProc
 0001:00008260       FileOpen
 0001:000082E4       FileRead
 0002:000005C4       FilerSignature
 0001:0000833C       FileSeek
 0001:00005CB8       FileTimeToDosDateTime
 0001:00005CC0       FileTimeToLocalFileTime
 0001:00008310       FileWrite
 0001:00000D74       FillAfterGap
 0001:00000D20       FillBeforeGap
 0001:00000E0C       FillerSizeAfterGap
 0001:00000D9C       FillerSizeBeforeGap
 0001:000066E8       FillMemory
 0001:000062C8       FillRect
 0002:00000E48       FillStyles
 0002:000039C0       fImageList
 0001:0008C1CC       Finalization
 0001:00016BDC       Finalization
 0001:0008C244       Finalization
 0001:00016E38       Finalization
 0001:0008D00C       Finalization
 0001:00018744       Finalization
 0001:0001880C       Finalization
 0001:000876D0       Finalization
 0001:000C97AC       Finalization
 0001:0008677C       Finalization
 0001:000865D4       Finalization
 0001:00086564       Finalization
 0001:00085B84       Finalization
 0001:000A1F24       Finalization
 0001:00083C54       Finalization
 0001:00083B14       Finalization
 0001:0000E808       Finalization
 0001:0000DFEC       Finalization
 0001:0000DDEC       Finalization
 0001:00077680       Finalization
 0001:00071104       Finalization
 0001:0006F544       Finalization
 0001:0006E180       Finalization
 0001:000A242C       Finalization
 0001:000A24CC       Finalization
 0001:000A3138       Finalization
 0001:000A3208       Finalization
 0001:0005CE54       Finalization
 0001:000A3240       Finalization
 0001:000A332C       Finalization
 0001:00006CD0       Finalization
 0001:0005C1D0       Finalization
 0001:0005C068       Finalization
 0001:00006948       Finalization
 0001:000A39A0       Finalization
 0001:000CA390       Finalization
 0001:00056710       Finalization
 0001:000A71FC       Finalization
 0001:00055AC8       Finalization
 0001:000A7254       Finalization
 0001:000B2AC4       Finalization
 0001:00049D90       Finalization
 0001:0004812C       Finalization
 0001:000480D4       Finalization
 0001:000B6414       Finalization
 0001:00048070       Finalization
 0001:000B6478       Finalization
 0001:00048008       Finalization
 0001:0004700C       Finalization
 0001:00046FAC       Finalization
 0001:000437B0       Finalization
 0001:00043628       Finalization
 0001:000435F0       Finalization
 0001:00043568       Finalization
 0001:0003FBD4       Finalization
 0001:0003E950       Finalization
 0001:0003E918       Finalization
 0001:0003E8E0       Finalization
 0001:0003E874       Finalization
 0001:000CAAA8       Finalization
 0001:0003E83C       Finalization
 0001:0003E804       Finalization
 0001:0003E7CC       Finalization
 0001:000CBF34       Finalization
 0001:0003E78C       Finalization
 0001:0003E754       Finalization
 0001:0003E6E4       Finalization
 0001:0002518C       Finalization
 0001:000252D0       Finalization
 0001:00025D54       Finalization
 0001:000272F0       Finalization
 0001:00027DA8       Finalization
 0001:00027E7C       Finalization
 0001:0003DD60       Finalization
 0001:0003DBB4       Finalization
 0001:0003D890       Finalization
 0001:00005850       Finalization
 0001:0003D858       Finalization
 0001:0003D810       Finalization
 0001:0003C828       Finalization
 0001:0003C7E8       Finalization
 0001:000CCD44       Finalization
 0001:0003C068       Finalization
 0001:00032220       Finalization
 0001:000CCD7C       Finalization
 0001:00032564       Finalization
 0001:0003BAA0       Finalization
 0001:0003B7E8       Finalization
 0001:0003B5C8       Finalization
 0001:00005B3C       Finalization
 0001:00005A80       Finalization
 0001:00004958       FinalizeArray
 0001:00003300       FinalizeUnits
 0001:00075E24       Find
 0001:00021C08       FindAncestor
 0001:00004D18       FindBS
 0001:0001AD04       FindClass
 0001:00004CA0       FindClassHInstance
 0001:00000318       FindClose
 0001:00005CC8       FindClose
 0001:000278A8       FindCode
 0001:00000CF0       FindCommitted
 0001:0005F750       FindControl
 0001:0006BFD8       FindControlAtPos
 0001:000169FC       FindCustomVariantType
 0001:00016AB4       FindCustomVariantType
 0001:00061170       FindDragTarget
 0001:0002EA78       FindException
 0001:0001FAD4       FindExistingComponent
 0001:00000320       FindFirstFile
 0001:00005CD0       FindFirstFile
 0001:00029DFC       FindFunction
 0001:0001B16C       FindGlobalComponent
 0001:00079808       FindGlobalComponent
 0002:00003864       FindGlobalComponentProcs
 0001:00004C78       FindHInstance
 0001:0001B014       FindIdentToInt
 0001:00027904       FindImportTable
 0001:0001AF98       FindIntToIdent
 0001:00028718       FindModuleType
 0002:00003C10       FindMsg
 0001:0001EC64       FindNestedComponent
 0001:0007206C       FindPopupControl
 0001:0000E4D0       FindProc
 0001:00005CD8       FindResource
 0001:00004CF0       FindResourceHInstance
 0001:00083368       FindScanline
 0001:000278C0       FindStartFunction
 0001:00079760       FindTopMostWindow
 0001:000209B8       FindUniqueName
 0001:00014E14       FindVarData
 0001:0006113C       FindVCLWindow
 0001:000062D0       FindWindow
 0001:0005CC34       FindWinHelp
 0002:00003980       FixedFontSize
 0001:00038880       FixupBitFields
 0002:000012BC       Flags
 0002:0000379C       FLanguages
 0001:0003DBE4       FlatSB
 0002:00003AE0       FlatSB_EnableScrollBar
 0002:00003AEC       FlatSB_GetScrollInfo
 0002:00003AF0       FlatSB_GetScrollPos
 0002:00003AE8       FlatSB_GetScrollRange
 0002:00003AF8       FlatSB_SetScrollInfo
 0002:00003AF4       FlatSB_SetScrollPos
 0001:0003D8D4       FlatSB_SetScrollProp
 0002:00003AFC       FlatSB_SetScrollRange
 0002:00003AE4       FlatSB_ShowScrollBar
 0001:000094BC       FloatToDecimal
 0001:000097FC       FloatToStr
 0001:0000985C       FloatToStrF
 0001:00008EF4       FloatToText
 0001:000091C8       FloatToTextFmt
 0001:00001F6C       Flush
 0001:00005CE0       FlushInstructionCache
 0002:0000396C       fMemoBack
 0002:0000398C       fMonitor
 0002:000039A8       fMonitorInfo
 0002:00000180       FMSecsPerDay
 0001:0008C208       FMTBcd
 0002:00001450       FMTBcdVariantType
 0001:00008DF0       FmtStr
 0002:000012D8       FocusCount
 0002:000012D4       FocusMessages
 0002:00000A24       FontCharsets
 0002:00003A70       FontManager
 0001:000797DC       ForegroundTask
 0002:00000188       Format
 0001:00008DDC       Format
 0001:0008C104       FormatBcd
 0001:000089E4       FormatBuf
 0001:000089D8       FormatClearStr
 0001:00009924       FormatCurr
 0001:0000AB90       FormatDateTime
 0001:0002DFC4       FormatDateTimeEx
 0001:0000895C       FormatError
 0002:00000164       FormatErrorStrs
 0001:000098CC       FormatFloat
 0001:00086530       FormatMaskText
 0001:000B6778       FormatMessage
 0001:00005CE8       FormatMessage
 0001:0008BD4C       FormatOneBcd
 0001:000089B4       FormatVarToStr
 0001:00083B70       Forms
 0001:00002434       FPower10
 0002:00000B60       FPrinter
 0001:0008AA74       FractionToStr
 0001:00041F6C       Frame3D
 0001:000062D8       FrameRect
 0001:0000D9CC       FreeAndNil
 0001:00000A5C       FreeCommitted
 0001:00000F7C       FreeCurAlloc
 0001:00061230       FreeDeviceContext
 0001:000612EC       FreeDeviceContexts
 0001:00027D2C       FreeHookCode
 0001:00024F58       FreeIntConstList
 0001:00005CF0       FreeLibrary
 0001:00000328       FreeLibrary
 0001:000383DC       FreeMemoryContexts
 0001:0007989C       FreeObjectInstance
 0001:0002508C       FreeObjectInstance
 0001:00005D00       FreeResource
 0001:000006DC       FreeSpace
 0001:0000D3F8       FreeTerminateProcs
 0001:0003DD98       FreeThemeLibrary
 0002:00003CB0       FRichEditModule
 0002:00003FCC       frmChangePass
 0002:00003FDC       frmLogin
 0002:00003FD4       frmMain
 0001:000290C4       FunctionSize
 0002:00003978       fVariableFont
 0001:0000D4C8       GDAL
 0001:000356D0       GDICheck
 0001:00035628       GDIError
 0001:00005FC8       GdiFlush
 0001:00001BF0       Get8087CW
 0001:00005D08       GetACP
 0001:0002D8A8       GetActiveControlClass
 0001:0002D908       GetActiveControlText
 0001:0002D7A0       GetActiveFormClass
 0001:0002D800       GetActiveFormText
 0001:000062E0       GetActiveWindow
 0001:000A89E0       GetAdsDataSetList
 0001:000B5FD0       GetAliasInfo
 0001:000A8F04       GetAliasInfo
 0001:000A8E78       GetAliasPathAndFileName
 0001:00081024       GetAnimation
 0001:0002E564       GetApplicationDescription
 0001:0002E718       GetApplicationName
 0001:0003ED64       GetAveCharSize
 0001:0004446C       GetBitBtnGlyph
 0001:00005FD0       GetBitmapBits
 0001:0000045C       GetBlockDesc
 0001:00005FD8       GetBrushOrgEx
 0001:0002A8EC       GetCallStackByAddresses
 0001:000062E8       GetCapture
 0001:0005FA6C       GetCaptureControl
 0001:0001ACB0       GetClass
 0001:000062F0       GetClassInfo
 0001:000062F8       GetClassName
 0001:00006300       GetClientRect
 0001:00006308       GetClipboardData
 0001:000370FC       GetClipboardFormats
 0001:00005FE0       GetClipBox
 0001:000003F8       GetCmdShow
 0001:0006F79C       GetColor
 0001:0004D828       GetComCtlVersion
 0001:00000330       GetCommandLine
 0001:000008A8       GetCommitted
 0001:00000938       GetCommittedAt
 0001:000AC140       GetCompactDate
 0001:00022FC0       GetComponentValue
 0001:00005D18       GetComputerName
 0001:000B3304       GetConnectionList
 0001:000669F4       GetControlAtPos
 0001:0000A028       GetCount
 0001:00005D10       GetCPInfo
 0001:00005FE8       GetCurrentPositionEx
 0001:00005D20       GetCurrentProcess
 0001:00005D28       GetCurrentProcessId
 0001:0003171C       GetCurrentStackPointer
 0002:00003BC4       GetCurrentThemeName
 0001:0002AC10       GetCurrentThreadCallStack
 0001:000003E8       GetCurrentThreadId
 0001:00005D30       GetCurrentThreadId
 0001:000066D8       GetCurrentTime
 0001:00028598       GetCurrentTopOfStack
 0001:00006310       GetCursor
 0001:00083378       GetCursorHeightMargin
 0001:00006318       GetCursorPos
 0001:0000A054       GetDate
 0001:00005D38       GetDateFormat
 0001:0000AD20       GetDateOrder
 0001:00006320       GetDC
 0001:00006328       GetDCEx
 0001:00005FF0       GetDCOrgEx
 0001:00029EB0       GetDebugInfosByAddr
 0001:00029BE4       GetDebugPartialInfos
 0001:0003B1D8       GetDefFontCharSet
 0001:0001C334       GetDesigner
 0001:00006330       GetDesktopWindow
 0001:00006008       GetDeviceCaps
 0001:0002B728       GetDialogState
 0001:00036630       GetDIB
 0001:00005FF8       GetDIBColorTable
 0001:00006000       GetDIBits
 0001:00036578       GetDIBSizes
 0001:00035840       GetDInColors
 0001:00005D40       GetDiskFreeSpaceA
 0002:00000134       GetDiskFreeSpaceEx
 0001:0002E2EC       GetDiskInfo
 0001:00006338       GetDlgItem
 0001:0006D290       GetDockAlign
 0001:00060414       GetDockSiteAtPos
 0001:00060740       GetDropCtl
 0001:00002AB4       GetDynaMethod
 0001:0002A0A8       GetEF
 0001:00006010       GetEnhMetaFileBits
 0001:00006018       GetEnhMetaFileHeader
 0001:00006020       GetEnhMetaFilePaletteEntries
 0001:00017724       GetEnumName
 0001:000177FC       GetEnumNameValue
 0001:00017AA8       GetEnumProp
 0001:00017848       GetEnumValue
 0001:00005D48       GetEnvironmentVariable
 0001:0000B800       GetEraNamesAndYearOffsets
 0001:0000ADB4       GetEraYearOffset
 0001:000187F8       GetErrorInfo
 0001:0002E064       GetExceptionAddress
 0001:0000C19C       GetExceptionClass
 0001:0002E034       GetExceptionDate
 0001:0002E158       GetExceptionMessage
 0001:0002E098       GetExceptionModule
 0001:0000C380       GetExceptionObject
 0001:0002E100       GetExceptionType
 0001:00005D50       GetExitCodeProcess
 0001:0001AC38       GetFieldClassTable
 0001:000A8D50       GetFieldIndexFromString
 0001:000370DC       GetFileFormats
 0001:000002B8       GetFileSize
 0001:000002B0       GetFileType
 0001:0000C5F0       GetFileVersion
 0001:00005F18       GetFileVersionInfo
 0001:00005F20       GetFileVersionInfoSize
 0001:000181D0       GetFloatProp
 0001:00006340       GetFocus
 0001:00034084       GetFontData
 0001:00006348       GetForegroundWindow
 0001:0008C040       GetFormat
 0001:0000CE7C       GetFormatSettings
 0001:0002E3D0       GetFreeDisk
 0001:0002E248       GetFreeMemory
 0001:00005D58       GetFullPathName
 0001:000335F0       GetHashCode
 0001:000B5C7C       GetHashCode
 0001:000B5998       GetHashCode
 0001:0007E59C       GetHelpInfo
 0001:0003CCA8       GetHelpSystem
 0001:00080E08       GetHint
 0001:00080E40       GetHintControl
 0001:00083C0C       gethostbyname
 0001:00077520       GetHotkey
 0001:00006350       GetIconInfo
 0001:0008CB50       GetIDsOfNames
 0001:000A6BA4       GetIdx
 0001:000A8CE0       GetIndexExprField
 0001:000A2F0C       GetIndexForOrderBy
 0001:000185EC       GetInt64Prop
 0001:00018650       GetInterfaceProp
 0001:00006368       GetKeyboardLayout
 0001:00006370       GetKeyboardLayoutList
 0001:00006378       GetKeyboardState
 0001:00002720       GetKeyboardType
 0001:00006358       GetKeyNameText
 0001:00006360       GetKeyState
 0001:0002DF7C       GetLanguageString
 0001:00006380       GetLastActivePopup
 0001:0006B558       GetLastChildZone
 0001:00000338       GetLastError
 0001:00005D60       GetLastError
 0001:00050140       GetLength
 0001:0000B5C4       GetLocaleChar
 0001:0002DE50       GetLocaleDataA
 0001:0002DE10       GetLocaleDataW
 0001:00000340       GetLocaleInfo
 0001:00005D70       GetLocaleInfo
 0001:00005D78       GetLocaleInfoA
 0001:00005D80       GetLocaleInfoW
 0001:0000B578       GetLocaleStr
 0001:00005D68       GetLocalTime
 0001:0005F9D4       GetLongHint
 0001:00017E78       GetLongStrProp
 0001:00006388       GetMenu
 0001:0007E524       GetMenuHelpContext
 0001:00006390       GetMenuItemCount
 0001:00006398       GetMenuItemID
 0001:000063A0       GetMenuItemInfo
 0001:00074670       GetMenuSize
 0001:000063A8       GetMenuState
 0001:000063B0       GetMenuString
 0001:000063B8       GetMessagePos
 0001:00018574       GetMethodProp
 0001:00005D88       GetModuleFileName
 0001:00000348       GetModuleFileName
 0001:00005978       GetModuleHandle
 0001:00005D90       GetModuleHandle
 0001:00000350       GetModuleHandle
 0002:00003AA8       GetMonitorInfo
 0002:00003AAC       GetMonitorInfoA
 0002:00003AB0       GetMonitorInfoW
 0001:0000B628       GetMonthDayNames
 0001:000063C0       GetNextWindow
 0001:00006028       GetObject
 0001:000179D8       GetOrdProp
 0001:0002DDC8       GetOSBuild
 0001:0002DFA4       GetOSLanguage
 0001:0002DB48       GetOSType
 0001:00006030       GetPaletteEntries
 0001:000019E4       GetParamStr
 0001:000063C8       GetParent
 0001:000799F0       GetParentForm
 0001:00006038       GetPixel
 0001:00005D98       GetPrivateProfileString
 0001:00005DA0       GetProcAddress
 0001:00000358       GetProcAddress
 0001:000063D0       GetProp
 0001:0001791C       GetPropInfo
 0001:000170A4       GetPropInfo
 0001:000170C4       GetPropInfo
 0001:000178AC       GetPropInfo
 0001:00017954       GetPropInfos
 0001:000170E4       GetPropValue
 0001:00079EB0       GetRealScrollPosition
 0001:0006F77C       GetRGBColor
 0001:000063D8       GetScrollInfo
 0001:000063E0       GetScrollPos
 0001:000063E8       GetScrollRange
 0001:00083C14       getservbyname
 0001:00017B1C       GetSetProp
 0001:0005F990       GetShortHint
 0001:00017D70       GetShortStrProp
 0001:00017E08       GetShortStrPropAsLongStr
 0001:00029340       GetSourceInfoByAddr
 0001:00000600       GetSpace
 0001:00000664       GetSpaceAt
 0001:000720FC       GetSpecialName
 0001:000A25F0       GetSQLToken
 0001:00030AD0       GetStackPointer
 0001:0002E538       GetStartDate
 0001:00000360       GetStartupInfo
 0001:000B5DBC       GetStatementHandle
 0001:000B5AD8       GetStatementHandle
 0001:000002C0       GetStdHandle
 0001:00005DA8       GetStdHandle
 0001:000B5CE8       GetStmtInfo
 0001:000B5A04       GetStmtInfo
 0001:00006040       GetStockObject
 0001:00005DB0       GetStringTypeEx
 0001:00017FA8       GetStrProp
 0001:000063F0       GetSubMenu
 0001:000298F8       GetSymbolAddr
 0001:000063F8       GetSysColor
 0001:00006400       GetSysColorBrush
 0001:00005DB8       GetSystemDefaultLangID
 0001:00005DC0       GetSystemInfo
 0001:00006408       GetSystemMenu
 0001:00006410       GetSystemMetrics
 0002:00003A98       GetSystemMetrics
 0001:00006048       GetSystemPaletteEntries
 0001:000A2DA4       GetTableNameFromSQL
 0001:00006058       GetTextExtentPoint
 0001:00006050       GetTextExtentPoint32
 0001:00006060       GetTextMetrics
 0002:00003BBC       GetThemeAppProperties
 0002:00003B28       GetThemeBackgroundContentRect
 0002:00003B2C       GetThemeBackgroundExtent
 0002:00003B3C       GetThemeBackgroundRegion
 0002:00003B60       GetThemeBool
 0002:00003B54       GetThemeColor
 0002:00003BC8       GetThemeDocumentationProperty
 0002:00003B68       GetThemeEnumValue
 0002:00003B88       GetThemeFilename
 0002:00003B70       GetThemeFont
 0002:00003B64       GetThemeInt
 0002:00003B7C       GetThemeIntList
 0002:00003B78       GetThemeMargins
 0002:00003B58       GetThemeMetric
 0002:00003B30       GetThemePartSize
 0002:00003B6C       GetThemePosition
 0002:00003B80       GetThemePropertyOrigin
 0002:00003B74       GetThemeRect
 0002:00003B5C       GetThemeString
 0002:00003B94       GetThemeSysBool
 0002:00003B8C       GetThemeSysColor
 0002:00003B90       GetThemeSysColorBrush
 0002:00003B9C       GetThemeSysFont
 0002:00003BA4       GetThemeSysInt
 0002:00003B98       GetThemeSysSize
 0002:00003BA0       GetThemeSysString
 0002:00003B34       GetThemeTextExtent
 0002:00003B38       GetThemeTextMetrics
 0001:000B32FC       GetThreadID
 0001:00000368       GetThreadLocale
 0001:00005DC8       GetThreadLocale
 0001:00005DD0       GetTickCount
 0001:0000A08C       GetTime
 0001:000059A4       GetTlsSize
 0001:000815D4       GetTopMostWindows
 0001:0005FB74       GetTopParent
 0001:00006418       GetTopWindow
 0001:0002E484       GetTotalDisk
 0001:0002E1A4       GetTotalMemory
 0001:00017718       GetTypeData
[...]
  1404 0001:000B46F0  1405 0001:000B46F6  1407 0001:000B46FF  1411 0001:000B4717
  1413 0001:000B471D  1414 0001:000B472E  1415 0001:000B4732  1418 0001:000B4747
  1421 0001:000B4752  1434 0001:000B4794  1436 0001:000B4796  1437 0001:000B479C
  1441 0001:000B47A1  1442 0001:000B47AD  1443 0001:000B47B1  1445 0001:000B47C6
  1446 0001:000B47CD  1448 0001:000B47D1  1451 0001:000B47D3  1464 0001:000B47D8
  1465 0001:000B47DE  1467 0001:000B47F4  1468 0001:000B47F7  1480 0001:000B4824
  1482 0001:000B4828  1483 0001:000B482E  1486 0001:000B4844  1487 0001:000B484F
  1488 0001:000B4853  1490 0001:000B486B  1491 0001:000B486F  1504 0001:000B48A0
  1506 0001:000B48A4  1507 0001:000B48AA  1510 0001:000B48C0  1513 0001:000B48C7
  1515 0001:000B48CE  1516 0001:000B48D9  1517 0001:000B48DD  1519 0001:000B48F4
  1522 0001:000B48F8  1523 0001:000B48FF  1537 0001:000B4930  1539 0001:000B4935
  1540 0001:000B493B  1543 0001:000B4951  1546 0001:000B4958  1549 0001:000B495F
  1550 0001:000B4970  1549 0001:000B4982  1552 0001:000B4985  1553 0001:000B4990
  1554 0001:000B4994  1556 0001:000B49AB  1565 0001:000B49AF  1566 0001:000B49C0
  1567 0001:000B49D2  1565 0001:000B49E1  1570 0001:000B49E4  1572 0001:000B49EB
  1584 0001:000B4A1C  1586 0001:000B4A21  1596 0001:000B4A24  1599 0001:000B4A44
  1601 0001:000B4A4A  1607 0001:000B4A53  1608 0001:000B4A59  1610 0001:000B4A6F
  1615 0001:000B4AA9  1626 0001:000B4ADC  1628 0001:000B4AFC  1629 0001:000B4B02
  1631 0001:000B4B18  1634 0001:000B4B52  1649 0001:000B4B84  1651 0001:000B4BAA
  1652 0001:000B4BB3  1654 0001:000B4BBD  1658 0001:000B4BC5  1661 0001:000B4BD5
  1663 0001:000B4BDC  1665 0001:000B4BEA  1666 0001:000B4BF0  1667 0001:000B4C14
  1668 0001:000B4C20  1670 0001:000B4C29  1672 0001:000B4C31  1675 0001:000B4C54
  1676 0001:000B4C5A  1677 0001:000B4C77  1678 0001:000B4C83  1670 0001:000B4C8C
  1682 0001:000B4CA1  1683 0001:000B4CA7  1686 0001:000B4CDF  1705 0001:000B4CEC
  1708 0001:000B4D23  1709 0001:000B4D2C  1711 0001:000B4D42  1714 0001:000B4D4A
  1719 0001:000B4D58  1720 0001:000B4D64  1723 0001:000B4D71  1724 0001:000B4D7A
  1726 0001:000B4D8A  1729 0001:000B4D98  1730 0001:000B4DA2  1731 0001:000B4DAF
  1732 0001:000B4DB3  1734 0001:000B4DC2  1736 0001:000B4DCF  1737 0001:000B4DE7
  1739 0001:000B4DFE  1743 0001:000B4E16  1744 0001:000B4E1C  1745 0001:000B4E42
  1746 0001:000B4E4E  1749 0001:000B4E63  1751 0001:000B4E6B  1752 0001:000B4E79
  1753 0001:000B4E83  1754 0001:000B4E89  1755 0001:000B4EA6  1756 0001:000B4EB2
  1749 0001:000B4EC7  1760 0001:000B4EDC  1761 0001:000B4EE2  1765 0001:000B4F1C
  1789 0001:000B4F7C  1792 0001:000B4FB3  1793 0001:000B4FBC  1795 0001:000B4FD2
  1800 0001:000B4FE0  1801 0001:000B4FEC  1804 0001:000B4FF9  1805 0001:000B5002
  1807 0001:000B5012  1810 0001:000B5020  1811 0001:000B502A  1812 0001:000B5037
  1813 0001:000B503B  1815 0001:000B504A  1817 0001:000B5057  1818 0001:000B506F
  1820 0001:000B5086  1824 0001:000B509E  1825 0001:000B50A4  1826 0001:000B50AA
  1828 0001:000B50DB  1829 0001:000B50E7  1832 0001:000B50FC  1834 0001:000B5108
  1836 0001:000B510C  1837 0001:000B511A  1839 0001:000B5124  1841 0001:000B5128
  1842 0001:000B5136  1845 0001:000B5140  1846 0001:000B5146  1847 0001:000B514C
  1849 0001:000B5174  1850 0001:000B5180  1832 0001:000B5195  1854 0001:000B51AE
  1855 0001:000B51B4  1859 0001:000B51F6  1871 0001:000B5258  1872 0001:000B5259
  1873 0001:000B5273  1885 0001:000B5278  1886 0001:000B5279  1887 0001:000B5293
  1899 0001:000B5298  1900 0001:000B5299  1901 0001:000B52B3  1913 0001:000B52B8
  1914 0001:000B52B9  1915 0001:000B52D3  1927 0001:000B52D8  1928 0001:000B52D9
  1929 0001:000B52F3  1941 0001:000B52F8  1942 0001:000B52F9  1943 0001:000B5313
  1957 0001:000B5318  1958 0001:000B5333  1959 0001:000B5339  1961 0001:000B5345
  1964 0001:000B534F  1966 0001:000B535F  1968 0001:000B5373  1973 0001:000B53A9
  1974 0001:000B53B9  1975 0001:000B53D9  1976 0001:000B53E9  1978 0001:000B5409
  1980 0001:000B5437  1992 0001:000B5470  1993 0001:000B5476  1994 0001:000B547C
  1996 0001:000B5489  1997 0001:000B5493  2009 0001:000B5498  2010 0001:000B549B
  2038 0001:000B549C  2047 0001:000B54C5  2049 0001:000B54E1  2050 0001:000B54F5
  2053 0001:000B5511  2055 0001:000B5580  2072 0001:000B55C6  2078 0001:000B561A
  2081 0001:000B565E  2086 0001:000B567B  2087 0001:000B5698  2092 0001:000B56B5
  2095 0001:000B56FA  2096 0001:000B5717  2103 0001:000B5739  2107 0001:000B576C
  2108 0001:000B5780  2110 0001:000B579E  2118 0001:000B57BC  2119 0001:000B57CE
  2120 0001:000B57D8  2122 0001:000B57E6  2123 0001:000B57F9  2128 0001:000B5827
  2144 0001:000B5837  2148 0001:000B5878  2047 0001:000B587B  2150 0001:000B58AE
  2165 0001:000B5940  2166 0001:000B5945  2168 0001:000B594C  2170 0001:000B5957
  2171 0001:000B5973  2172 0001:000B5988  2168 0001:000B5989  2173 0001:000B598C
  2175 0001:000B5994  2199 0001:000B5998  2200 0001:000B59A1  2201 0001:000B59A3
  2202 0001:000B59A8  2203 0001:000B59AF  2204 0001:000B59B4  2206 0001:000B59BA
  2207 0001:000B59C6  2204 0001:000B59C7  2212 0001:000B59CF  2213 0001:000B59DE
  2214 0001:000B59DF  2216 0001:000B59E3  2217 0001:000B59EF  2218 0001:000B59F2
  2214 0001:000B59F5  2221 0001:000B59FB  2226 0001:000B5A04  2227 0001:000B5A10
  2228 0001:000B5A1C  2229 0001:000B5A31  2230 0001:000B5A36  2231 0001:000B5A41
  2233 0001:000B5A55  2234 0001:000B5A67  2237 0001:000B5A82  2238 0001:000B5A85
  2240 0001:000B5A87  2231 0001:000B5A88  2241 0001:000B5A8B  2243 0001:000B5A91
  2244 0001:000B5AA4  2245 0001:000B5AB5  2246 0001:000B5AC4  2248 0001:000B5ACF
  2253 0001:000B5AD8  2254 0001:000B5ADD  2255 0001:000B5ADF  2256 0001:000B5AE4
  2258 0001:000B5AED  2259 0001:000B5B04  2261 0001:000B5B0A  2264 0001:000B5B10
  2265 0001:000B5B2C  2267 0001:000B5B35  2270 0001:000B5B49  2273 0001:000B5B67
  2275 0001:000B5B6B  2276 0001:000B5B79  2279 0001:000B5B82  2285 0001:000B5B88
  2287 0001:000B5B97  2288 0001:000B5BA0  2291 0001:000B5BAA  2293 0001:000B5BB4
  2294 0001:000B5BC2  2297 0001:000B5BD1  2298 0001:000B5BDB  2302 0001:000B5BF3
  2305 0001:000B5C12  2306 0001:000B5C17  2308 0001:000B5C1D  2313 0001:000B5C2C
  2315 0001:000B5C33  2316 0001:000B5C3C  2321 0001:000B5C4F  2322 0001:000B5C55
  2325 0001:000B5C72  2350 0001:000B5C7C  2351 0001:000B5C85  2352 0001:000B5C87
  2353 0001:000B5C8C  2354 0001:000B5C93  2355 0001:000B5C98  2357 0001:000B5C9E
  2358 0001:000B5CAA  2355 0001:000B5CAB  2363 0001:000B5CB3  2364 0001:000B5CC2
  2365 0001:000B5CC3  2367 0001:000B5CC7  2368 0001:000B5CD3  2369 0001:000B5CD6
  2365 0001:000B5CD9  2372 0001:000B5CDF  2377 0001:000B5CE8  2378 0001:000B5CF4
  2379 0001:000B5D00  2380 0001:000B5D15  2381 0001:000B5D1A  2382 0001:000B5D25
  2384 0001:000B5D39  2385 0001:000B5D4B  2388 0001:000B5D66  2389 0001:000B5D69
  2391 0001:000B5D6B  2382 0001:000B5D6C  2392 0001:000B5D6F  2394 0001:000B5D75
  2395 0001:000B5D88  2396 0001:000B5D99  2397 0001:000B5DA8  2399 0001:000B5DB3
  2404 0001:000B5DBC  2405 0001:000B5DC1  2406 0001:000B5DC3  2407 0001:000B5DC8
  2409 0001:000B5DD1  2410 0001:000B5DE8  2412 0001:000B5DEE  2415 0001:000B5DF8
  2416 0001:000B5E14  2418 0001:000B5E1D  2421 0001:000B5E31  2422 0001:000B5E4B
  2423 0001:000B5E65  2424 0001:000B5E7F  2427 0001:000B5E99  2430 0001:000B5EB7
  2432 0001:000B5EBB  2433 0001:000B5EC9  2436 0001:000B5ED2  2441 0001:000B5ED8
  2443 0001:000B5EF1  2444 0001:000B5EFA  2447 0001:000B5F04  2449 0001:000B5F0E
  2450 0001:000B5F1C  2453 0001:000B5F2B  2454 0001:000B5F35  2458 0001:000B5F4D
  2461 0001:000B5F6C  2462 0001:000B5F71  2464 0001:000B5F77  2465 0001:000B5F8F
  2469 0001:000B5FA2  2470 0001:000B5FA8  2473 0001:000B5FC5  2495 0001:000B5FD0
  2496 0001:000B5FFF  2500 0001:000B6018  2501 0001:000B6036  2504 0001:000B603D
  2507 0001:000B604B  2509 0001:000B6051  2511 0001:000B6056  2512 0001:000B6067
  2513 0001:000B606F  2514 0001:000B607D  2515 0001:000B6085  2516 0001:000B6093
  2518 0001:000B6099  2521 0001:000B60AB  2522 0001:000B60DF  2532 0001:000B6108
  2533 0001:000B610F  2543 0001:000B6110  2544 0001:000B6117  2558 0001:000B6118
  2560 0001:000B611C  2562 0001:000B612F  2564 0001:000B6133  2586 0001:000B6138
  2589 0001:000B6164  2593 0001:000B616E  2595 0001:000B6174  2601 0001:000B6192
  2604 0001:000B61A4  2605 0001:000B61A6  2607 0001:000B61B9  2609 0001:000B61CC
  2610 0001:000B61F3  2612 0001:000B61F5  2605 0001:000B61F6  2615 0001:000B6221
  2829 0001:000B6234  2832 0001:000B625B  2833 0001:000B6261  2836 0001:000B626A
  2837 0001:000B6270  2839 0001:000B6276  2840 0001:000B6282  2842 0001:000B628E
  2847 0001:000B629C  2854 0001:000B62C2  2861 0001:000B62E1  2862 0001:000B62E7
  2864 0001:000B6303  2867 0001:000B630E  2868 0001:000B632E  2869 0001:000B634E
  2875 0001:000B636E  2876 0001:000B6374  2879 0001:000B637B  2882 0001:000B63A6
  2883 0001:000B63AE  2886 0001:000B63EB  2896 0001:000B63F4  2898 0001:000B63F7
  2901 0001:000B63FD  2902 0001:000B640F  2907 0001:000B6414  2908 0001:000B6436
  2911 0001:000B6455  2905 0001:000B6458  2906 0001:000B645F

Line numbers for md5(md5.pas) segment .text

   139 0001:000C989C   140 0001:000C989D   141 0001:000C98A9   145 0001:000C98AC
   146 0001:000C98B4   150 0001:000C98B8   151 0001:000C98BC   155 0001:000C98C0
   156 0001:000C98C8   159 0001:000C98CC   160 0001:000C98CF   161 0001:000C98E6
   164 0001:000C98EC   165 0001:000C98F8   166 0001:000C990E   167 0001:000C991A
   168 0001:000C991C   171 0001:000C9924   172 0001:000C9930   173 0001:000C9946
   174 0001:000C9952   175 0001:000C9954   178 0001:000C995C   179 0001:000C9968
   180 0001:000C997E   181 0001:000C998A   182 0001:000C998C   185 0001:000C9994
   186 0001:000C99A0   187 0001:000C99B6   188 0001:000C99C2   189 0001:000C99C4
   194 0001:000C99CC   195 0001:000C99CF   196 0001:000C99D1   197 0001:000C99D3
   198 0001:000C99D7   199 0001:000C99E0   200 0001:000C99ED   201 0001:000C99FA
   202 0001:000C9A07   203 0001:000C9A0A   197 0001:000C9A0B   205 0001:000C9A0F
   210 0001:000C9A14   211 0001:000C9A18   212 0001:000C9A1A   213 0001:000C9A1C
   214 0001:000C9A20   216 0001:000C9A47   217 0001:000C9A4A   213 0001:000C9A4B
   219 0001:000C9A4F   223 0001:000C9A54   224 0001:000C9A5A   228 0001:000C9A5C
   229 0001:000C9A69   235 0001:000C9A6C   236 0001:000C9A8A   237 0001:000C9AAA
   239 0001:000C9ABC   240 0001:000C9AD7   241 0001:000C9AF1   242 0001:000C9B0C
   243 0001:000C9B27   244 0001:000C9B42   245 0001:000C9B5C   246 0001:000C9B77
   247 0001:000C9B92   248 0001:000C9BAD   249 0001:000C9BC7   250 0001:000C9BE2
   251 0001:000C9BFD   252 0001:000C9C18   253 0001:000C9C32   254 0001:000C9C4D
   256 0001:000C9C68   257 0001:000C9C83   258 0001:000C9C9D   259 0001:000C9CB8
   260 0001:000C9CD3   261 0001:000C9CEE   262 0001:000C9D08   263 0001:000C9D23
   264 0001:000C9D3E   265 0001:000C9D59   266 0001:000C9D73   268 0001:000C9D8E
   269 0001:000C9DA9   270 0001:000C9DC4   271 0001:000C9DDE   272 0001:000C9DF9
   274 0001:000C9E14   275 0001:000C9E2F   276 0001:000C9E49   277 0001:000C9E64
   278 0001:000C9E7F   279 0001:000C9E9A   280 0001:000C9EB4   281 0001:000C9ECF
   282 0001:000C9EEA   283 0001:000C9F05   284 0001:000C9F1F   285 0001:000C9F3A
   286 0001:000C9F55   287 0001:000C9F70   288 0001:000C9F8A   289 0001:000C9FA5
   291 0001:000C9FC0   292 0001:000C9FDB   293 0001:000C9FF5   294 0001:000CA010
   295 0001:000CA02B   296 0001:000CA046   297 0001:000CA060   298 0001:000CA07B
   299 0001:000CA096   300 0001:000CA0B1   301 0001:000CA0CB   302 0001:000CA0E6
   303 0001:000CA101   304 0001:000CA11C   305 0001:000CA136   306 0001:000CA151
   308 0001:000CA16C   309 0001:000CA173   310 0001:000CA17B   311 0001:000CA183
   313 0001:000CA18C   314 0001:000CA19C   318 0001:000CA1A4   319 0001:000CA1A7
   320 0001:000CA1B5   321 0001:000CA1BB   322 0001:000CA1C2   323 0001:000CA1C9
   324 0001:000CA1D0   330 0001:000CA1D4   331 0001:000CA1DE   332 0001:000CA1E7
   333 0001:000CA1EF   334 0001:000CA1F7   335 0001:000CA1FF   336 0001:000CA206
   337 0001:000CA20A   338 0001:000CA217   339 0001:000CA221   341 0001:000CA223
   342 0001:000CA22E   340 0001:000CA231   344 0001:000CA238   345 0001:000CA23C
   346 0001:000CA23E   347 0001:000CA24F   354 0001:000CA254   355 0001:000CA25D
   356 0001:000CA26C   357 0001:000CA275   358 0001:000CA28E   359 0001:000CA29B
   360 0001:000CA2A9   361 0001:000CA2B7   362 0001:000CA2C5   367 0001:000CA2CC
   368 0001:000CA2ED   369 0001:000CA2F4   370 0001:000CA338   373 0001:000CA340
   374 0001:000CA346   375 0001:000CA35D   418 0001:000CA360   419 0001:000CA36C
   420 0001:000CA373   421 0001:000CA37E   422 0001:000CA387   435 0001:000CA3C0
   435 0001:000CA3C7

Line numbers for untChangePass(untChangePass.pas) segment .text

    41 0001:000CA63C    42 0001:000CA63F    43 0001:000CA64C    44 0001:000CA659
    45 0001:000CA666    49 0001:000CA668    50 0001:000CA66D    55 0001:000CA670
    56 0001:000CA691    57 0001:000CA6A1    60 0001:000CA6B5    61 0001:000CA6F1
    63 0001:000CA6FD    64 0001:000CA744    66 0001:000CA75E    67 0001:000CA789
    68 0001:000CA7A3    70 0001:000CA7BE    74 0001:000CA7D8    75 0001:000CA840
    76 0001:000CA847    77 0001:000CA85C    80 0001:000CA866    81 0001:000CA8C9
    85 0001:000CAA6C    86 0001:000CAA6F    87 0001:000CAA75    88 0001:000CAA7C
    92 0001:000CAA80    93 0001:000CAA83    94 0001:000CAA89    95 0001:000CAA90
    99 0001:000CAA94   100 0001:000CAA97   101 0001:000CAA9D   102 0001:000CAAA4
   104 0001:000CAAD8   104 0001:000CAADF

Line numbers for untMain(untMain.pas) segment .text

    73 0001:000CAF2C    74 0001:000CAF30    75 0001:000CAF3A    78 0001:000CAF50
    79 0001:000CAF5D    81 0001:000CAF66    84 0001:000CAF7C    85 0001:000CAF89
    87 0001:000CAF92    88 0001:000CAFAD    89 0001:000CAFC8    92 0001:000CAFCC
    93 0001:000CAFCF    94 0001:000CAFDA    95 0001:000CAFE5   100 0001:000CAFE8
   102 0001:000CB007   105 0001:000CB00F   108 0001:000CB015   109 0001:000CB020
   110 0001:000CB02E   111 0001:000CB03F   114 0001:000CB050   116 0001:000CB056
   117 0001:000CB08C   118 0001:000CB098   119 0001:000CB0BC   120 0001:000CB0E0
   122 0001:000CB0FE   123 0001:000CB126   124 0001:000CB14E   125 0001:000CB17D
   126 0001:000CB184   127 0001:000CB1A2   128 0001:000CB1CA   129 0001:000CB1D7
   130 0001:000CB1DE   120 0001:000CB1E1   134 0001:000CB1EA   135 0001:000CB1FF
   136 0001:000CB231   140 0001:000CB338   141 0001:000CB33E   146 0001:000CB340
   147 0001:000CB345   148 0001:000CB359   149 0001:000CB365   147 0001:000CB388
   150 0001:000CB38B   163 0001:000CB390   164 0001:000CB3AD   165 0001:000CB3B4
   166 0001:000CB3C7   169 0001:000CB3DA   170 0001:000CB3E9   171 0001:000CB3F9
   173 0001:000CB408   174 0001:000CB417   175 0001:000CB427   167 0001:000CB46D
   179 0001:000CB4B4   181 0001:000CB4E4   183 0001:000CB504   184 0001:000CB50E
   185 0001:000CB525   186 0001:000CB533   187 0001:000CB54A   188 0001:000CB559
   189 0001:000CB567   190 0001:000CB572   191 0001:000CB582   192 0001:000CB595
   194 0001:000CB5BC   197 0001:000CB5D9   199 0001:000CB5E9   202 0001:000CB5F0
   205 0001:000CB5F3   206 0001:000CB5FF   208 0001:000CB60E   209 0001:000CB61B
   212 0001:000CB620   213 0001:000CB623   215 0001:000CB63D   216 0001:000CB647
   218 0001:000CB64E   221 0001:000CB6AC   222 0001:000CB6AF   224 0001:000CB6C9
   225 0001:000CB6D3   227 0001:000CB6DA   230 0001:000CB73C   231 0001:000CB742
   232 0001:000CB745   233 0001:000CB757   234 0001:000CB75C   235 0001:000CB761
   237 0001:000CB77E   239 0001:000CB783   240 0001:000CB78A   241 0001:000CB79C
   242 0001:000CB7A6   243 0001:000CB7B5   248 0001:000CB7C3   249 0001:000CB7CF
   250 0001:000CB7DB   254 0001:000CB7F0   263 0001:000CB854   266 0001:000CB876
   267 0001:000CB883   268 0001:000CB891   270 0001:000CB8A7   271 0001:000CB8B7
   274 0001:000CB8CB   275 0001:000CB92E   276 0001:000CB93A   278 0001:000CB94E
   280 0001:000CB967   281 0001:000CB98B   282 0001:000CB99B   285 0001:000CB9AF
   286 0001:000CB9DC   289 0001:000CB9E8   290 0001:000CB9F5   291 0001:000CBA53
   292 0001:000CBA5A   293 0001:000CBA69   296 0001:000CBA70   297 0001:000CBA77
   298 0001:000CBA84   299 0001:000CBA8F   300 0001:000CBA9A   302 0001:000CBAA1
   306 0001:000CBAB2   307 0001:000CBADB   309 0001:000CBAE2   311 0001:000CBAFA
   312 0001:000CBB07   313 0001:000CBB1A   315 0001:000CBB30   316 0001:000CBB3C
   317 0001:000CBB49   321 0001:000CBB62   322 0001:000CBB8B   324 0001:000CBB92
   325 0001:000CBBAA   326 0001:000CBBBD   331 0001:000CBBD5   337 0001:000CBBEA
   339 0001:000CBC20   343 0001:000CBDE0   344 0001:000CBDF5   348 0001:000CBE18
   349 0001:000CBE2D   352 0001:000CBE50   353 0001:000CBE68   354 0001:000CBEA1
   355 0001:000CBEFC   357 0001:000CBF64   357 0001:000CBF6B

Line numbers for untLogin(untLogin.pas) segment .text

    56 0001:000CC294    57 0001:000CC299    60 0001:000CC29C    62 0001:000CC2A0
    63 0001:000CC2AD    66 0001:000CC2BA    67 0001:000CC2C7    73 0001:000CC2D6
    72 0001:000CC2DF    74 0001:000CC2EB    77 0001:000CC2F0    81 0001:000CC2F3
    82 0001:000CC303    83 0001:000CC313    84 0001:000CC320    89 0001:000CC33C
    90 0001:000CC33F    91 0001:000CC346    92 0001:000CC353    96 0001:000CC358
   101 0001:000CC35B   107 0001:000CC36B   108 0001:000CC378   110 0001:000CC385
   114 0001:000CC388   119 0001:000CC38B   125 0001:000CC39B   126 0001:000CC3A8
   129 0001:000CC3B5   130 0001:000CC3BC   139 0001:000CC3C0   140 0001:000CC3E6
   141 0001:000CC3E8   142 0001:000CC3F2   144 0001:000CC3FC   145 0001:000CC404
   147 0001:000CC417   148 0001:000CC439   151 0001:000CC457   145 0001:000CC458
   154 0001:000CC45B   155 0001:000CC46F   158 0001:000CC483   162 0001:000CC48D
   163 0001:000CC495   165 0001:000CC4B0   166 0001:000CC4D2   169 0001:000CC4F0
   163 0001:000CC4F1   170 0001:000CC4F4   172 0001:000CC503   176 0001:000CC560
   178 0001:000CC57A   179 0001:000CC5A7   185 0001:000CC5DC   189 0001:000CC628
   190 0001:000CC640   192 0001:000CC646   193 0001:000CC67A   195 0001:000CC691
   197 0001:000CC6BC   206 0001:000CC700   207 0001:000CC724   208 0001:000CC738
   211 0001:000CC74B   212 0001:000CC7B9   213 0001:000CC7C5   214 0001:000CC7D3
   216 0001:000CC7D7   218 0001:000CC7D9   219 0001:000CC817   224 0001:000CC88C
   225 0001:000CC8AD   226 0001:000CC8C1   229 0001:000CC8D4   230 0001:000CC8E0
   231 0001:000CC8E7   232 0001:000CC94F   233 0001:000CC966   234 0001:000CC96D
   235 0001:000CC983   236 0001:000CC9A3   238 0001:000CC9AD   239 0001:000CC9E9
   241 0001:000CCA6C   242 0001:000CCA87   243 0001:000CCAC1   246 0001:000CCADB
   248 0001:000CCAE6   249 0001:000CCAED   252 0001:000CCAF7   253 0001:000CCB06
   254 0001:000CCB3E   259 0001:000CCB4C   260 0001:000CCB61   261 0001:000CCB69
   264 0001:000CCB9C   269 0001:000CCC04   270 0001:000CCC20   271 0001:000CCC30
   274 0001:000CCC3D   275 0001:000CCC6F   277 0001:000CCC76   278 0001:000CCC9F
   281 0001:000CCD00   282 0001:000CCD03   283 0001:000CCD13   284 0001:000CCD21
   288 0001:000CCD34   289 0001:000CCD40   291 0001:000CCD74   291 0001:000CCD7B

Line numbers for PANEL(D:\fromserver\Panel\PANEL.dpr) segment .text

    13 0001:000CD084    14 0001:000CD094    15 0001:000CD0A0    16 0001:000CD0B8
    17 0001:000CD0D0    18 0001:000CD0E8    19 0001:000CD0F4

Bound resource files

C:\Program Files (x86)\EurekaLog 4\Delphi7\DIALOG.RES
c:\program files (x86)\borland\delphi7\Lib\Buttons.res
c:\program files (x86)\borland\delphi7\Lib\ExtDlgs.res
c:\program files (x86)\borland\delphi7\Lib\Controls.res
untChangePass.dfm
untMain.dfm
untLogin.dfm
PANEL.res
PANEL.drf


Program entry point at 0001:000CD084
